 TlsServer

 Timestamp is 65eb4636 (Fri Mar  8 10:09:10 2024)

 Preferred load address is 0000000140000000

 Start         Length     Name                   Class
 0001:00000000 0003911cH .text                   CODE
 0001:0003911c 00000064H .text$di                CODE
 0001:00039180 000254a0H .text$mn                CODE
 0001:0005e620 00000040H .text$mn$00             CODE
 0001:0005e660 00000b50H .text$mn$21             CODE
 0001:0005f1b0 000007b0H .text$x                 CODE
 0001:0005f960 000000f4H .text$yd                CODE
 0002:00000000 00000378H .idata$5                DATA
 0002:00000378 00000038H .00cfg                  DATA
 0002:000003b0 00000008H .CRT$XCA                DATA
 0002:000003b8 00000008H .CRT$XCAA               DATA
 0002:000003c0 00000018H .CRT$XCC                DATA
 0002:000003d8 00000010H .CRT$XCL                DATA
 0002:000003e8 00000008H .CRT$XCU                DATA
 0002:000003f0 00000008H .CRT$XCZ                DATA
 0002:000003f8 00000008H .CRT$XIA                DATA
 0002:00000400 00000008H .CRT$XIAA               DATA
 0002:00000408 00000008H .CRT$XIAC               DATA
 0002:00000410 00000030H .CRT$XIC                DATA
 0002:00000440 00000008H .CRT$XIZ                DATA
 0002:00000448 00000008H .CRT$XLA                DATA
 0002:00000450 00000008H .CRT$XLZ                DATA
 0002:00000458 00000008H .CRT$XPA                DATA
 0002:00000460 00000010H .CRT$XPX                DATA
 0002:00000470 00000008H .CRT$XPXA               DATA
 0002:00000478 00000008H .CRT$XPZ                DATA
 0002:00000480 00000008H .CRT$XTA                DATA
 0002:00000488 00000018H .CRT$XTZ                DATA
 0002:00000490 00000000H .gehcont$y              DATA
 0002:00000490 00000000H .gfids$y                DATA
 0002:000004a0 000338d0H .rdata                  DATA
 0002:00033d70 00000190H .rdata$00               DATA
 0002:00033f00 00000000H .rdata$CastGuardVftablesA DATA
 0002:00033f00 00000000H .rdata$CastGuardVftablesC DATA
 0002:00033f00 00000028H .rdata$T                DATA
 0002:00033f28 00000314H .rdata$r                DATA
 0002:0003423c 00000428H .rdata$voltmd           DATA
 0002:00034664 0000042cH .rdata$zzzdbg           DATA
 0002:00034a90 00000008H .rtc$IAA                DATA
 0002:00034a98 00000008H .rtc$IZZ                DATA
 0002:00034aa0 00000008H .rtc$TAA                DATA
 0002:00034aa8 00000008H .rtc$TZZ                DATA
 0002:00034ab0 00000004H .tls                    DATA
 0002:00034ab4 00000004H .tls$                   DATA
 0002:00034ab8 00000008H .tls$ZZZ                DATA
 0002:00034ac0 0000d088H .xdata                  DATA
 0002:00041b48 000001c4H .xdata$x                DATA
 0002:00041d0c 00000000H .edata                  DATA
 0002:00041d0c 00000028H .idata$2                DATA
 0002:00041d34 00000014H .idata$3                DATA
 0002:00041d48 00000378H .idata$4                DATA
 0002:000420c0 0000071eH .idata$6                DATA
 0003:00000000 00101320H .data                   DATA
 0003:00101320 000000a0H .data$r                 DATA
 0003:001013c0 00000050H .data$rs                DATA
 0003:00101410 00001724H .bss                    DATA
 0004:00000000 00005868H .pdata                  DATA
 0005:00000000 000001f4H _RDATA                  DATA

  Address         Publics by Value              Rva+Base               Lib:Object

 0000:00000000       __AbsoluteZero             0000000000000000     <absolute>
 0000:00000000       ___safe_se_handler_count   0000000000000000     <absolute>
 0000:00000000       ___safe_se_handler_table   0000000000000000     <absolute>
 0000:00000000       __arm64x_extra_rfe_table   0000000000000000     <absolute>
 0000:00000000       __arm64x_extra_rfe_table_size 0000000000000000     <absolute>
 0000:00000000       __arm64x_native_entrypoint 0000000000000000     <absolute>
 0000:00000000       __arm64x_redirection_metadata 0000000000000000     <absolute>
 0000:00000000       __arm64x_redirection_metadata_count 0000000000000000     <absolute>
 0000:00000000       __dynamic_value_reloc_table 0000000000000000     <absolute>
 0000:00000000       __enclave_config           0000000000000000     <absolute>
 0000:00000000       __guard_check_icall_a64n_fptr 0000000000000000     <absolute>
 0000:00000000       __guard_eh_cont_count      0000000000000000     <absolute>
 0000:00000000       __guard_eh_cont_table      0000000000000000     <absolute>
 0000:00000000       __guard_fids_count         0000000000000000     <absolute>
 0000:00000000       __guard_fids_table         0000000000000000     <absolute>
 0000:00000000       __guard_iat_count          0000000000000000     <absolute>
 0000:00000000       __guard_iat_table          0000000000000000     <absolute>
 0000:00000000       __guard_longjmp_count      0000000000000000     <absolute>
 0000:00000000       __guard_longjmp_table      0000000000000000     <absolute>
 0000:00000000       __hybrid_auxiliary_delayload_iat 0000000000000000     <absolute>
 0000:00000000       __hybrid_auxiliary_delayload_iat_copy 0000000000000000     <absolute>
 0000:00000000       __hybrid_auxiliary_iat     0000000000000000     <absolute>
 0000:00000000       __hybrid_auxiliary_iat_copy 0000000000000000     <absolute>
 0000:00000000       __hybrid_code_map          0000000000000000     <absolute>
 0000:00000000       __hybrid_code_map_count    0000000000000000     <absolute>
 0000:00000000       __hybrid_image_info_bitfield 0000000000000000     <absolute>
 0000:00000000       __x64_code_ranges_to_entry_points 0000000000000000     <absolute>
 0000:00000000       __x64_code_ranges_to_entry_points_count 0000000000000000     <absolute>
 0000:00000100       __guard_flags              0000000000000100     <absolute>
 0000:00000000       __ImageBase                0000000140000000     <linker-defined>
 0001:00000000       main                       0000000140001000 f   main-205501.o
 0001:000000b0       ??0MainApp@@QEAA@XZ        00000001400010b0 f i main-205501.o
 0001:000001f0       ??1MainApp@@QEAA@XZ        00000001400011f0 f i main-205501.o
 0001:00000240       ?mainLoop@MainApp@@QEAAHXZ 0000000140001240 f   MainApp-c3b5ae.o
 0001:00000380       ?runServer@MainApp@@QEAAXXZ 0000000140001380 f   MainApp-c3b5ae.o
 0001:000003c0       ??0CharBuf@@QEAA@PEBD@Z    00000001400013c0 f   CharBuf-9d1648.o
 0001:00000450       ?setFromCharPoint@CharBuf@@QEAAXPEBD@Z 0000000140001450 f   CharBuf-9d1648.o
 0001:000005a0       ?setSize@CharBuf@@QEAAXH@Z 00000001400015a0 f   CharBuf-9d1648.o
 0001:00000610       ?setFromInt64@CharBuf@@QEAAX_J@Z 0000000140001610 f   CharBuf-9d1648.o
 0001:000009b0       ?appendChar@CharBuf@@QEAAXD@Z 00000001400019b0 f   CharBuf-9d1648.o
 0001:00000a30       ?setFromUint64@CharBuf@@QEAAX_K@Z 0000000140001a30 f   CharBuf-9d1648.o
 0001:00000d60       ??0CharBuf@@QEAA@AEBV0@@Z  0000000140001d60 f   CharBuf-9d1648.o
 0001:00000e00       ?increaseSize@CharBuf@@AEAAXH@Z 0000000140001e00 f   CharBuf-9d1648.o
 0001:00000e10       ?appendU8@CharBuf@@QEAAXI@Z 0000000140001e10 f   CharBuf-9d1648.o
 0001:00000e90       ?appendU16@CharBuf@@QEAAXI@Z 0000000140001e90 f   CharBuf-9d1648.o
 0001:00000f40       ?appendU32@CharBuf@@QEAAXI@Z 0000000140001f40 f   CharBuf-9d1648.o
 0001:000010c0       ?appendU64@CharBuf@@QEAAX_K@Z 00000001400020c0 f   CharBuf-9d1648.o
 0001:000013b0       ?getU32@CharBuf@@QEBAIH@Z  00000001400023b0 f   CharBuf-9d1648.o
 0001:00001470       ?getU64@CharBuf@@QEBA_KH@Z 0000000140002470 f   CharBuf-9d1648.o
 0001:00001600       ?get24Bits@CharBuf@@QEBAIH@Z 0000000140002600 f   CharBuf-9d1648.o
 0001:00001690       ?get16Bits@CharBuf@@QEBAIH@Z 0000000140002690 f   CharBuf-9d1648.o
 0001:00001710       ?append24Bits@CharBuf@@QEAAXI@Z 0000000140002710 f   CharBuf-9d1648.o
 0001:00001840       ?appendCharArray@CharBuf@@QEAAXAEBVByteArray@@H@Z 0000000140002840 f   CharBuf-9d1648.o
 0001:00001910       ?appendCharBuf@CharBuf@@QEAAXAEBV1@@Z 0000000140002910 f   CharBuf-9d1648.o
 0001:000019f0       ?copy@CharBuf@@QEAAXAEBV1@@Z 00000001400029f0 f   CharBuf-9d1648.o
 0001:00001a10       ?copyToCharArray@CharBuf@@QEAAXAEAVByteArray@@@Z 0000000140002a10 f   CharBuf-9d1648.o
 0001:00001b00       ?copyToOpenCharArrayNoNull@CharBuf@@QEBAXAEAVOpenCharArray@@@Z 0000000140002b00 f   CharBuf-9d1648.o
 0001:00001bf0       ?copyToOpenCharArrayNull@CharBuf@@QEBAXAEAVOpenCharArray@@@Z 0000000140002bf0 f   CharBuf-9d1648.o
 0001:00001d30       ?copyFromOpenCharArrayNoNull@CharBuf@@QEAAXAEBVOpenCharArray@@@Z 0000000140002d30 f   CharBuf-9d1648.o
 0001:00001e50       ?copyFromOpenCharArrayNull@CharBuf@@QEAAXAEBVOpenCharArray@@@Z 0000000140002e50 f   CharBuf-9d1648.o
 0001:00001fc0       ?testBasics@CharBuf@@QEAAXXZ 0000000140002fc0 f   CharBuf-9d1648.o
 0001:00002050       ?findChar@CharBuf@@QEAAHHD@Z 0000000140003050 f   CharBuf-9d1648.o
 0001:000020d0       ?isEqual@CharBuf@@QEBA_NAEBV1@@Z 00000001400030d0 f   CharBuf-9d1648.o
 0001:000021a0       ?appendCharPt@CharBuf@@QEAAXPEBD@Z 00000001400031a0 f   CharBuf-9d1648.o
 0001:000022e0       ?reverse@CharBuf@@QEAAXXZ  00000001400032e0 f   CharBuf-9d1648.o
 0001:00002510       ?showHex@CharBuf@@QEBAXXZ  0000000140003510 f   CharBuf-9d1648.o
 0001:000025c0       ?setFromHexTo256@CharBuf@@QEAAXAEBV1@@Z 00000001400035c0 f   CharBuf-9d1648.o
 0001:00002ba0       ?increaseSize@ByteArray@@QEAAXH@Z 0000000140003ba0 f i CharBuf-9d1648.o
 0001:00002d60       ?copy@ByteArray@@QEAAXAEBV1@HH@Z 0000000140003d60 f i CharBuf-9d1648.o
 0001:00002ed0       ?writeAll@FileIO@@SA_NPEBDAEBVCharBuf@@@Z 0000000140003ed0 f   FileIO-72ff47.o
 0001:00003150       ?readAll@FileIO@@SA_NPEBDAEAVCharBuf@@@Z 0000000140004150 f   FileIO-72ff47.o
 0001:00003510       ?exists@FileIO@@SA_NPEBD@Z 0000000140004510 f   FileIO-72ff47.o
 0001:00003620       ?copy@FileIO@@SA_NPEBD0@Z  0000000140004620 f   FileIO-72ff47.o
 0001:00003720       ??0?$basic_ofstream@DU?$char_traits@D@std@@@std@@QEAA@PEBDHH@Z 0000000140004720 f i FileIO-72ff47.o
 0001:00003a80       ?write@?$basic_ostream@DU?$char_traits@D@std@@@std@@QEAAAEAV12@PEBD_J@Z 0000000140004a80 f i FileIO-72ff47.o
 0001:00003cf0       ??_D?$basic_ofstream@DU?$char_traits@D@std@@@std@@QEAAXXZ 0000000140004cf0 f i FileIO-72ff47.o
 0001:00003d80       ??0?$basic_ifstream@DU?$char_traits@D@std@@@std@@QEAA@PEBDHH@Z 0000000140004d80 f i FileIO-72ff47.o
 0001:000040f0       ?seekg@?$basic_istream@DU?$char_traits@D@std@@@std@@QEAAAEAV12@_JH@Z 00000001400050f0 f i FileIO-72ff47.o
 0001:000043b0       ?tellg@?$basic_istream@DU?$char_traits@D@std@@@std@@QEAA?AV?$fpos@U_Mbstatet@@@2@XZ 00000001400053b0 f i FileIO-72ff47.o
 0001:00004540       ?seekg@?$basic_istream@DU?$char_traits@D@std@@@std@@QEAAAEAV12@V?$fpos@U_Mbstatet@@@2@@Z 0000000140005540 f i FileIO-72ff47.o
 0001:00004800       ?read@?$basic_istream@DU?$char_traits@D@std@@@std@@QEAAAEAV12@PEAD_J@Z 0000000140005800 f i FileIO-72ff47.o
 0001:00004a30       ??_D?$basic_ifstream@DU?$char_traits@D@std@@@std@@QEAAXXZ 0000000140005a30 f i FileIO-72ff47.o
 0001:00004ac0       ??__E?id@?$codecvt@DDU_Mbstatet@@@std@@2V0locale@2@A@@YAXXZ 0000000140005ac0 f i FileIO-72ff47.o
 0001:00004ad0       ??1?$basic_filebuf@DU?$char_traits@D@std@@@std@@UEAA@XZ 0000000140005ad0 f i FileIO-72ff47.o
 0001:00004bb0       ??_E?$basic_ofstream@DU?$char_traits@D@std@@@std@@$4PPPPPPPM@A@EAAPEAXI@Z 0000000140005bb0 f i FileIO-72ff47.o
 0001:00004c80       ?close@?$basic_filebuf@DU?$char_traits@D@std@@@std@@QEAAPEAV12@XZ 0000000140005c80 f i FileIO-72ff47.o
 0001:00004df0       ??_G?$basic_filebuf@DU?$char_traits@D@std@@@std@@UEAAPEAXI@Z 0000000140005df0 f i FileIO-72ff47.o
 0001:00004e20       ?_Lock@?$basic_filebuf@DU?$char_traits@D@std@@@std@@UEAAXXZ 0000000140005e20 f i FileIO-72ff47.o
 0001:00004e40       ?_Unlock@?$basic_filebuf@DU?$char_traits@D@std@@@std@@UEAAXXZ 0000000140005e40 f i FileIO-72ff47.o
 0001:00004e60       ?overflow@?$basic_filebuf@DU?$char_traits@D@std@@@std@@MEAAHH@Z 0000000140005e60 f i FileIO-72ff47.o
 0001:00004ff0       ?pbackfail@?$basic_filebuf@DU?$char_traits@D@std@@@std@@MEAAHH@Z 0000000140005ff0 f i FileIO-72ff47.o
 0001:000050e0       ?showmanyc@?$basic_streambuf@DU?$char_traits@D@std@@@std@@MEAA_JXZ 00000001400060e0 f i FileIO-72ff47.o
 0001:000050e0       ?sync@?$basic_streambuf@DU?$char_traits@D@std@@@std@@MEAAHXZ 00000001400060e0 f i FileIO-72ff47.o
 0001:000050f0       ?underflow@?$basic_filebuf@DU?$char_traits@D@std@@@std@@MEAAHXZ 00000001400060f0 f i FileIO-72ff47.o
 0001:00005140       ?uflow@?$basic_filebuf@DU?$char_traits@D@std@@@std@@MEAAHXZ 0000000140006140 f i FileIO-72ff47.o
 0001:000054a0       ?xsgetn@?$basic_filebuf@DU?$char_traits@D@std@@@std@@MEAA_JPEAD_J@Z 00000001400064a0 f i FileIO-72ff47.o
 0001:00005660       ?xsputn@?$basic_filebuf@DU?$char_traits@D@std@@@std@@MEAA_JPEBD_J@Z 0000000140006660 f i FileIO-72ff47.o
 0001:000057a0       ?seekoff@?$basic_filebuf@DU?$char_traits@D@std@@@std@@MEAA?AV?$fpos@U_Mbstatet@@@2@_JHH@Z 00000001400067a0 f i FileIO-72ff47.o
 0001:00005920       ?seekpos@?$basic_filebuf@DU?$char_traits@D@std@@@std@@MEAA?AV?$fpos@U_Mbstatet@@@2@V32@H@Z 0000000140006920 f i FileIO-72ff47.o
 0001:00005a70       ?setbuf@?$basic_filebuf@DU?$char_traits@D@std@@@std@@MEAAPEAV?$basic_streambuf@DU?$char_traits@D@std@@@2@PEAD_J@Z 0000000140006a70 f i FileIO-72ff47.o
 0001:00005bb0       ?sync@?$basic_filebuf@DU?$char_traits@D@std@@@std@@MEAAHXZ 0000000140006bb0 f i FileIO-72ff47.o
 0001:00005bf0       ?imbue@?$basic_filebuf@DU?$char_traits@D@std@@@std@@MEAAXAEBVlocale@2@@Z 0000000140006bf0 f i FileIO-72ff47.o
 0001:00005c70       ??_G?$basic_streambuf@DU?$char_traits@D@std@@@std@@UEAAPEAXI@Z 0000000140006c70 f i FileIO-72ff47.o
 0001:00005cd0       ?_Lock@?$basic_streambuf@DU?$char_traits@D@std@@@std@@UEAAXXZ 0000000140006cd0 f i FileIO-72ff47.o
 0001:00005cd0       ?_Unlock@?$basic_streambuf@DU?$char_traits@D@std@@@std@@UEAAXXZ 0000000140006cd0 f i FileIO-72ff47.o
 0001:00005cd0       ?imbue@?$basic_streambuf@DU?$char_traits@D@std@@@std@@MEAAXAEBVlocale@2@@Z 0000000140006cd0 f i FileIO-72ff47.o
 0001:00005ce0       ?overflow@?$basic_streambuf@DU?$char_traits@D@std@@@std@@MEAAHH@Z 0000000140006ce0 f i FileIO-72ff47.o
 0001:00005ce0       ?pbackfail@?$basic_streambuf@DU?$char_traits@D@std@@@std@@MEAAHH@Z 0000000140006ce0 f i FileIO-72ff47.o
 0001:00005ce0       ?underflow@?$basic_streambuf@DU?$char_traits@D@std@@@std@@MEAAHXZ 0000000140006ce0 f i FileIO-72ff47.o
 0001:00005cf0       ?uflow@?$basic_streambuf@DU?$char_traits@D@std@@@std@@MEAAHXZ 0000000140006cf0 f i FileIO-72ff47.o
 0001:00005d40       ?xsgetn@?$basic_streambuf@DU?$char_traits@D@std@@@std@@MEAA_JPEAD_J@Z 0000000140006d40 f i FileIO-72ff47.o
 0001:00005e00       ?xsputn@?$basic_streambuf@DU?$char_traits@D@std@@@std@@MEAA_JPEBD_J@Z 0000000140006e00 f i FileIO-72ff47.o
 0001:00005ec0       ?seekoff@?$basic_streambuf@DU?$char_traits@D@std@@@std@@MEAA?AV?$fpos@U_Mbstatet@@@2@_JHH@Z 0000000140006ec0 f i FileIO-72ff47.o
 0001:00005ec0       ?seekpos@?$basic_streambuf@DU?$char_traits@D@std@@@std@@MEAA?AV?$fpos@U_Mbstatet@@@2@V32@H@Z 0000000140006ec0 f i FileIO-72ff47.o
 0001:00005ee0       ?setbuf@?$basic_streambuf@DU?$char_traits@D@std@@@std@@MEAAPEAV12@PEAD_J@Z 0000000140006ee0 f i FileIO-72ff47.o
 0001:00005ef0       ??1?$basic_string@DU?$char_traits@D@std@@V?$allocator@D@2@@std@@QEAA@XZ 0000000140006ef0 f i FileIO-72ff47.o
 0001:00005f80       ??$_Reallocate_grow_by@V<lambda_1>@?0??push_back@?$basic_string@DU?$char_traits@D@std@@V?$allocator@D@2@@std@@QEAAXD@Z@D@?$basic_string@DU?$char_traits@D@std@@V?$allocator@D@2@@std@@AEAAAEAV01@_KV<lambda_1>@?0??push_back@01@QEAAXD@Z@D@Z 0000000140006f80 f i FileIO-72ff47.o
 0001:00006100       ?_Xlen_string@std@@YAXXZ   0000000140007100 f i FileIO-72ff47.o
 0001:00006120       ?_Throw_bad_array_new_length@std@@YAXXZ 0000000140007120 f i FileIO-72ff47.o
 0001:00006160       ??0bad_array_new_length@std@@QEAA@AEBV01@@Z 0000000140007160 f i FileIO-72ff47.o
 0001:000061d0       ??0bad_alloc@std@@QEAA@AEBV01@@Z 00000001400071d0 f i FileIO-72ff47.o
 0001:00006240       ??0exception@std@@QEAA@AEBV01@@Z 0000000140007240 f i FileIO-72ff47.o
 0001:000062b0       ??_E_System_error@std@@UEAAPEAXI@Z 00000001400072b0 f i FileIO-72ff47.o
 0001:000062b0       ??_Ebad_alloc@std@@UEAAPEAXI@Z 00000001400072b0 f i FileIO-72ff47.o
 0001:000062b0       ??_Ebad_array_new_length@std@@UEAAPEAXI@Z 00000001400072b0 f i FileIO-72ff47.o
 0001:000062b0       ??_Eexception@std@@UEAAPEAXI@Z 00000001400072b0 f i FileIO-72ff47.o
 0001:000062b0       ??_Efailure@ios_base@std@@UEAAPEAXI@Z 00000001400072b0 f i FileIO-72ff47.o
 0001:000062b0       ??_Eruntime_error@std@@UEAAPEAXI@Z 00000001400072b0 f i FileIO-72ff47.o
 0001:000062b0       ??_Esystem_error@std@@UEAAPEAXI@Z 00000001400072b0 f i FileIO-72ff47.o
 0001:000062b0       ??_G_System_error@std@@UEAAPEAXI@Z 00000001400072b0 f i FileIO-72ff47.o
 0001:000062b0       ??_Gbad_alloc@std@@UEAAPEAXI@Z 00000001400072b0 f i FileIO-72ff47.o
 0001:000062b0       ??_Gbad_array_new_length@std@@UEAAPEAXI@Z 00000001400072b0 f i FileIO-72ff47.o
 0001:000062b0       ??_Gexception@std@@UEAAPEAXI@Z 00000001400072b0 f i FileIO-72ff47.o
 0001:000062b0       ??_Gfailure@ios_base@std@@UEAAPEAXI@Z 00000001400072b0 f i FileIO-72ff47.o
 0001:000062b0       ??_Gruntime_error@std@@UEAAPEAXI@Z 00000001400072b0 f i FileIO-72ff47.o
 0001:000062b0       ??_Gsystem_error@std@@UEAAPEAXI@Z 00000001400072b0 f i FileIO-72ff47.o
 0001:00006320       ?what@exception@std@@UEBAPEBDXZ 0000000140007320 f i FileIO-72ff47.o
 0001:00006340       ??$use_facet@V?$codecvt@DDU_Mbstatet@@@std@@@std@@YAAEBV?$codecvt@DDU_Mbstatet@@@0@AEBVlocale@0@@Z 0000000140007340 f i FileIO-72ff47.o
 0001:00006530       ??0_Locinfo@std@@QEAA@PEBD@Z 0000000140007530 f i FileIO-72ff47.o
 0001:00006690       ??1_Locinfo@std@@QEAA@XZ   0000000140007690 f i FileIO-72ff47.o
 0001:00006760       ??_E?$codecvt@DDU_Mbstatet@@@std@@MEAAPEAXI@Z 0000000140007760 f i FileIO-72ff47.o
 0001:00006760       ??_E_Iostream_error_category2@std@@UEAAPEAXI@Z 0000000140007760 f i FileIO-72ff47.o
 0001:00006760       ??_G?$codecvt@DDU_Mbstatet@@@std@@MEAAPEAXI@Z 0000000140007760 f i FileIO-72ff47.o
 0001:00006760       ??_G_Iostream_error_category2@std@@UEAAPEAXI@Z 0000000140007760 f i FileIO-72ff47.o
 0001:00006780       ?_Incref@facet@locale@std@@UEAAXXZ 0000000140007780 f i FileIO-72ff47.o
 0001:00006790       ?_Decref@facet@locale@std@@UEAAPEAV_Facet_base@3@XZ 0000000140007790 f i FileIO-72ff47.o
 0001:000067a0       ?do_always_noconv@?$codecvt@DDU_Mbstatet@@@std@@MEBA_NXZ 00000001400077a0 f i FileIO-72ff47.o
 0001:000067a0       __acrt_uninitialize_command_line 00000001400077a0 f i libucrt:argv_data.obj
 0001:000067a0       _should_initialize_environment 00000001400077a0 f i libcmt:env_mode.obj
 0001:000067b0       ?do_encoding@codecvt_base@std@@MEBAHXZ 00000001400077b0 f i FileIO-72ff47.o
 0001:000067b0       ?do_max_length@codecvt_base@std@@MEBAHXZ 00000001400077b0 f i FileIO-72ff47.o
 0001:000067b0       _get_startup_argv_mode     00000001400077b0 f i libcmt:argv_mode.obj
 0001:000067c0       ?do_in@?$codecvt@DDU_Mbstatet@@@std@@MEBAHAEAU_Mbstatet@@PEBD1AEAPEBDPEAD3AEAPEAD@Z 00000001400077c0 f i FileIO-72ff47.o
 0001:000067c0       ?do_out@?$codecvt@DDU_Mbstatet@@@std@@MEBAHAEAU_Mbstatet@@PEBD1AEAPEBDPEAD3AEAPEAD@Z 00000001400077c0 f i FileIO-72ff47.o
 0001:000067e0       ?do_unshift@?$codecvt@DDU_Mbstatet@@@std@@MEBAHAEAU_Mbstatet@@PEAD1AEAPEAD@Z 00000001400077e0 f i FileIO-72ff47.o
 0001:000067f0       ?do_length@?$codecvt@DDU_Mbstatet@@@std@@MEBAHAEAU_Mbstatet@@PEBD1_K@Z 00000001400077f0 f i FileIO-72ff47.o
 0001:00006810       ??_E_Facet_base@std@@UEAAPEAXI@Z 0000000140007810 f i FileIO-72ff47.o
 0001:00006810       ??_G_Facet_base@std@@UEAAPEAXI@Z 0000000140007810 f i FileIO-72ff47.o
 0001:00006820       ??_G?$basic_ios@DU?$char_traits@D@std@@@std@@UEAAPEAXI@Z 0000000140007820 f i FileIO-72ff47.o
 0001:00006820       ??_Gios_base@std@@UEAAPEAXI@Z 0000000140007820 f i FileIO-72ff47.o
 0001:00006880       ??_E?$basic_ifstream@DU?$char_traits@D@std@@@std@@$4PPPPPPPM@A@EAAPEAXI@Z 0000000140007880 f i FileIO-72ff47.o
 0001:00006950       ?open@?$basic_filebuf@DU?$char_traits@D@std@@@std@@QEAAPEAV12@PEBDHH@Z 0000000140007950 f i FileIO-72ff47.o
 0001:00006b70       ?setstate@?$basic_ios@DU?$char_traits@D@std@@@std@@QEAAXH_N@Z 0000000140007b70 f i FileIO-72ff47.o
 0001:00006c10       ?init@?$basic_ios@DU?$char_traits@D@std@@@std@@IEAAXPEAV?$basic_streambuf@DU?$char_traits@D@std@@@2@_N@Z 0000000140007c10 f i FileIO-72ff47.o
 0001:00006dc0       ??_E?$basic_ostream@DU?$char_traits@D@std@@@std@@$4PPPPPPPM@A@EAAPEAXI@Z 0000000140007dc0 f i FileIO-72ff47.o
 0001:00006e40       ?make_error_code@std@@YA?AVerror_code@1@W4io_errc@1@@Z 0000000140007e40 f i FileIO-72ff47.o
 0001:00006ec0       ??0failure@ios_base@std@@QEAA@PEBDAEBVerror_code@2@@Z 0000000140007ec0 f i FileIO-72ff47.o
 0001:00006f00       ??0failure@ios_base@std@@QEAA@AEBV012@@Z 0000000140007f00 f i FileIO-72ff47.o
 0001:00006f80       ??0system_error@std@@QEAA@AEBV01@@Z 0000000140007f80 f i FileIO-72ff47.o
 0001:00007000       ??0_System_error@std@@QEAA@AEBV01@@Z 0000000140008000 f i FileIO-72ff47.o
 0001:00007080       ??0runtime_error@std@@QEAA@AEBV01@@Z 0000000140008080 f i FileIO-72ff47.o
 0001:000070f0       ??1exception@std@@UEAA@XZ  00000001400080f0 f i FileIO-72ff47.o
 0001:00007140       ?name@_Iostream_error_category2@std@@UEBAPEBDXZ 0000000140008140 f i FileIO-72ff47.o
 0001:00007150       ?message@_Iostream_error_category2@std@@UEBA?AV?$basic_string@DU?$char_traits@D@std@@V?$allocator@D@2@@2@H@Z 0000000140008150 f i FileIO-72ff47.o
 0001:00007280       ?default_error_condition@error_category@std@@UEBA?AVerror_condition@2@H@Z 0000000140008280 f i FileIO-72ff47.o
 0001:00007290       ?equivalent@error_category@std@@UEBA_NAEBVerror_code@2@H@Z 0000000140008290 f i FileIO-72ff47.o
 0001:000072b0       ?equivalent@error_category@std@@UEBA_NHAEBVerror_condition@2@@Z 00000001400082b0 f i FileIO-72ff47.o
 0001:000072f0       ??0system_error@std@@QEAA@Verror_code@1@PEBD@Z 00000001400082f0 f i FileIO-72ff47.o
 0001:00007490       ??0_System_error@std@@IEAA@Verror_code@1@AEBV?$basic_string@DU?$char_traits@D@std@@V?$allocator@D@2@@1@@Z 0000000140008490 f i FileIO-72ff47.o
 0001:00007650       ?_Makestr@_System_error@std@@CA?AV?$basic_string@DU?$char_traits@D@std@@V?$allocator@D@2@@2@Verror_code@2@V32@@Z 0000000140008650 f i FileIO-72ff47.o
 0001:00007840       ??$_Reallocate_grow_by@V<lambda_1>@?0??append@?$basic_string@DU?$char_traits@D@std@@V?$allocator@D@2@@std@@QEAAAEAV34@QEBD_K@Z@PEBD_K@?$basic_string@DU?$char_traits@D@std@@V?$allocator@D@2@@std@@AEAAAEAV01@_KV<lambda_1>@?0??append@01@QEAAAEAV01@QEBD0@Z@PEBD_K@Z 0000000140008840 f i FileIO-72ff47.o
 0001:000079e0       ??$use_facet@V?$ctype@D@std@@@std@@YAAEBV?$ctype@D@0@AEBVlocale@0@@Z 00000001400089e0 f i FileIO-72ff47.o
 0001:00007be0       ??_E?$ctype@D@std@@MEAAPEAXI@Z 0000000140008be0 f i FileIO-72ff47.o
 0001:00007be0       ??_G?$ctype@D@std@@MEAAPEAXI@Z 0000000140008be0 f i FileIO-72ff47.o
 0001:00007c40       ?do_tolower@?$ctype@D@std@@MEBAPEBDPEADPEBD@Z 0000000140008c40 f i FileIO-72ff47.o
 0001:00007c90       ?do_tolower@?$ctype@D@std@@MEBADD@Z 0000000140008c90 f i FileIO-72ff47.o
 0001:00007ca0       ?do_toupper@?$ctype@D@std@@MEBAPEBDPEADPEBD@Z 0000000140008ca0 f i FileIO-72ff47.o
 0001:00007cf0       ?do_toupper@?$ctype@D@std@@MEBADD@Z 0000000140008cf0 f i FileIO-72ff47.o
 0001:00007d00       ?do_widen@?$ctype@D@std@@MEBAPEBDPEBD0PEAD@Z 0000000140008d00 f i FileIO-72ff47.o
 0001:00007d20       ?do_narrow@?$ctype@D@std@@MEBADDD@Z 0000000140008d20 f i FileIO-72ff47.o
 0001:00007d20       ?do_widen@?$ctype@D@std@@MEBADD@Z 0000000140008d20 f i FileIO-72ff47.o
 0001:00007d30       ?do_narrow@?$ctype@D@std@@MEBAPEBDPEBD0DPEAD@Z 0000000140008d30 f i FileIO-72ff47.o
 0001:00007d50       ??1sentry@?$basic_ostream@DU?$char_traits@D@std@@@std@@QEAA@XZ 0000000140008d50 f i FileIO-72ff47.o
 0001:00007dc0       ?flush@?$basic_ostream@DU?$char_traits@D@std@@@std@@QEAAAEAV12@XZ 0000000140008dc0 f i FileIO-72ff47.o
 0001:00008010       ??1_Sentry_base@?$basic_istream@DU?$char_traits@D@std@@@std@@QEAA@XZ 0000000140009010 f i FileIO-72ff47.o
 0001:00008010       ??1_Sentry_base@?$basic_ostream@DU?$char_traits@D@std@@@std@@QEAA@XZ 0000000140009010 f i FileIO-72ff47.o
 0001:00008070       ?_Osfx@?$basic_ostream@DU?$char_traits@D@std@@@std@@QEAAXXZ 0000000140009070 f i FileIO-72ff47.o
 0001:00008180       ??_E?$basic_istream@DU?$char_traits@D@std@@@std@@$4PPPPPPPM@A@EAAPEAXI@Z 0000000140009180 f i FileIO-72ff47.o
 0001:00008200       ?_Ipfx@?$basic_istream@DU?$char_traits@D@std@@@std@@QEAA_N_N@Z 0000000140009200 f i FileIO-72ff47.o
 0001:000084f0       ?printFStack@StIO@@SAXXZ   00000001400094f0 f   StIO-57413d.o
 0001:00008530       ?printF@StIO@@SAXPEBD@Z    0000000140009530 f   StIO-57413d.o
 0001:00008550       ?putS@StIO@@SAXPEBD@Z      0000000140009550 f   StIO-57413d.o
 0001:00008560       ?printFD@StIO@@SAX_J@Z     0000000140009560 f   StIO-57413d.o
 0001:00008580       ?printFUD@StIO@@SAX_K@Z    0000000140009580 f   StIO-57413d.o
 0001:000085a0       ?printFX@StIO@@SAXI@Z      00000001400095a0 f   StIO-57413d.o
 0001:000085c0       ?putChar@StIO@@SAXH@Z      00000001400095c0 f   StIO-57413d.o
 0001:000085d0       ?putLF@StIO@@SAXXZ         00000001400095d0 f   StIO-57413d.o
 0001:000085e0       ?putWChar@StIO@@SAXG@Z     00000001400095e0 f   StIO-57413d.o
 0001:000085f0       ?putCharBuf@StIO@@SAXAEBVCharBuf@@@Z 00000001400095f0 f   StIO-57413d.o
 0001:00008670       printf                     0000000140009670 f i StIO-57413d.o
 0001:000086d0       __local_stdio_printf_options 00000001400096d0 f i StIO-57413d.o
 0001:000086e0       ?sleep@Threads@@SAXH@Z     00000001400096e0 f   Threads-6869b2.o
 0001:00008700       ??$sleep_for@_JU?$ratio@$00$0DOI@@std@@@this_thread@std@@YAXAEBV?$duration@_JU?$ratio@$00$0DOI@@std@@@chrono@1@@Z 0000000140009700 f i Threads-6869b2.o
 0001:00008840       ??$sleep_until@Usteady_clock@chrono@std@@V?$duration@_JU?$ratio@$00$0DLJKMKAA@@std@@@23@@this_thread@std@@YAXAEBV?$time_point@Usteady_clock@chrono@std@@V?$duration@_JU?$ratio@$00$0DLJKMKAA@@std@@@23@@chrono@1@@Z 0000000140009840 f i Threads-6869b2.o
 0001:000089b0       ?setSize@Uint16Buf@@QEAAXH@Z 00000001400099b0 f   Uint16Buf-ce17d0.o
 0001:00008a10       ?increaseSize@Uint16Buf@@AEAAXH@Z 0000000140009a10 f   Uint16Buf-ce17d0.o
 0001:00008a20       ?copy@Uint16Buf@@QEAAXAEBV1@@Z 0000000140009a20 f   Uint16Buf-ce17d0.o
 0001:00008a40       ?appendU16@Uint16Buf@@QEAAXG@Z 0000000140009a40 f   Uint16Buf-ce17d0.o
 0001:00008ac0       ?appendCharBuf@Uint16Buf@@QEAAXAEBVCharBuf@@@Z 0000000140009ac0 f   Uint16Buf-ce17d0.o
 0001:00008c20       ?increaseSize@Uint16Array@@QEAAXH@Z 0000000140009c20 f i Uint16Buf-ce17d0.o
 0001:00008db0       ?copy@Uint16Array@@QEAAXAEBV1@HH@Z 0000000140009db0 f i Uint16Buf-ce17d0.o
 0001:00008f40       ?u16BufToCharBuf@UTF8Str@@SAXAEBVUint16Buf@@AEAVCharBuf@@@Z 0000000140009f40 f   UTF8Str-a1c50b.o
 0001:00009050       ?charBufToU16Buf@UTF8Str@@QEAAXAEBVCharBuf@@AEAVUint16Buf@@@Z 000000014000a050 f   UTF8Str-a1c50b.o
 0001:00009200       ?setToZero@Crt@@QEAAXXZ    000000014000a200 f   Crt-d7e29a.o
 0001:00009280       ?setToOne@Crt@@QEAAXXZ     000000014000a280 f   Crt-d7e29a.o
 0001:00009300       ?isZero@Crt@@QEBA_NXZ      000000014000a300 f   Crt-d7e29a.o
 0001:000093b0       ?isOne@Crt@@QEBA_NXZ       000000014000a3b0 f   Crt-d7e29a.o
 0001:00009460       ?copy@Crt@@QEAAXAEBV1@@Z   000000014000a460 f   Crt-d7e29a.o
 0001:000094e0       ?isEqual@Crt@@QEBA_NAEBV1@@Z 000000014000a4e0 f   Crt-d7e29a.o
 0001:000095b0       ?add@Crt@@QEAAXAEBV1@AEBVSPrimes@@@Z 000000014000a5b0 f   Crt-d7e29a.o
 0001:00009650       ?subtract@Crt@@QEAAXAEBV1@AEBVSPrimes@@@Z 000000014000a650 f   Crt-d7e29a.o
 0001:000096f0       ?decrement@Crt@@QEAAXAEBVSPrimes@@@Z 000000014000a6f0 f   Crt-d7e29a.o
 0001:00009790       ?subtractInt@Crt@@QEAAXHAEBVSPrimes@@@Z 000000014000a790 f   Crt-d7e29a.o
 0001:00009830       ?multiply@Crt@@QEAAXAEBV1@AEBVSPrimes@@@Z 000000014000a830 f   Crt-d7e29a.o
 0001:000098d0       ?setFromInteger@Crt@@QEAAXAEBVInteger@@AEAVIntegerMath@@AEBVSPrimes@@@Z 000000014000a8d0 f   Crt-d7e29a.o
 0001:00009970       ?setFromInt@Crt@@QEAAXHAEBVSPrimes@@@Z 000000014000a970 f   Crt-d7e29a.o
 0001:00009a00       ?copy@Crt3@@QEAAXAEBV1@@Z  000000014000aa00 f   Crt3-90c9a5.o
 0001:00009a90       ?isEqual@Crt3@@QEBA_NAEBV1@@Z 000000014000aa90 f   Crt3-90c9a5.o
 0001:00009b80       ?toInteger@Crt3@@QEBAXAEBVCrtMath@@AEAVInteger@@@Z 000000014000ab80 f   Crt3-90c9a5.o
 0001:00009cd0       ?setFromCrtV6@Crt3@@QEAAXHAEBVCrtMath@@AEBVSPrimes@@AEBVMultInv@@@Z 000000014000acd0 f   Crt3-90c9a5.o
 0001:00009e40       ?setFromInteger@Crt3@@QEAAXAEBVInteger@@AEAVIntegerMath@@AEBVSPrimes@@AEBVMultInv@@AEBVCrtMath@@@Z 000000014000ae40 f   Crt3-90c9a5.o
 0001:00009e80       ?getAccum@Crt3@@QEBAHHHHAEBVCrtMath@@@Z 000000014000ae80 f i Crt3-90c9a5.o
 0001:00009fc0       ?setFromCrtAt@Crt3@@QEAAXHHAEBVCrtMath@@HAEBVMultInv@@@Z 000000014000afc0 f i Crt3-90c9a5.o
 0001:0000a0c0       ?setToZero@CrtBuf@@QEAAXXZ 000000014000b0c0 f   CrtBuf-f9562a.o
 0001:0000a140       ?setToOne@CrtBuf@@QEAAXXZ  000000014000b140 f   CrtBuf-f9562a.o
 0001:0000a1c0       ?setFromInteger@CrtBuf@@QEAAXAEBVInteger@@AEAVIntegerMath@@AEBVSPrimes@@@Z 000000014000b1c0 f   CrtBuf-f9562a.o
 0001:0000a260       ?init@CrtMath@@QEAAXAEAVIntegerMath@@AEBVSPrimes@@@Z 000000014000b260 f   CrtMath-a36de9.o
 0001:0000a2a0       ?setupBaseArray@CrtMath@@AEAAXAEAVIntegerMath@@AEBVSPrimes@@@Z 000000014000b2a0 f   CrtMath-a36de9.o
 0001:0000a3c0       ?copyFromInteger@CrtMath@@QEBAXAEAVInteger@@H@Z 000000014000b3c0 f   CrtMath-a36de9.o
 0001:0000a3e0       ?formula@Garner@@QEAA_NAEBVInteger@@0000AEAV2@AEAVMod@@AEAVIntegerMath@@@Z 000000014000b3e0 f   Garner-7c4afe.o
 0001:0000a950       ?decryptWithQInverse@Garner@@QEAA_NAEBVInteger@@0000AEAV2@AEAVMod@@AEAVIntegerMath@@@Z 000000014000b950 f   Garner-7c4afe.o
 0001:0000ac30       ?testCrt@Garner@@QEAAXAEBVInteger@@AEAVIntegerMath@@AEBVSPrimes@@AEBVMultInv@@AEBVCrtMath@@@Z 000000014000bc30 f   Garner-7c4afe.o
 0001:0000ad90       ??0Crt3@@QEAA@XZ           000000014000bd90 f i Garner-7c4afe.o
 0001:0000aed0       ??1Crt3@@QEAA@XZ           000000014000bed0 f i Garner-7c4afe.o
 0001:0000af00       ??0Crt@@QEAA@XZ            000000014000bf00 f i Garner-7c4afe.o
 0001:0000afc0       ?setUpConstants@GarnerCrt@@QEAAXAEBVSPrimes@@AEAVIntegerMath@@@Z 000000014000bfc0 f   GarnerCrt-2d2605.o
 0001:0000b480       ?toInteger@GarnerCrt@@QEAAXAEBVCrt@@AEAVInteger@@AEAVIntegerMath@@@Z 000000014000c480 f   GarnerCrt-2d2605.o
 0001:0000b690       ??0GoodX@@QEAA@XZ          000000014000c690 f   GoodX-ae9673.o
 0001:0000b780       ??0GoodX@@QEAA@AEBV0@@Z    000000014000c780 f   GoodX-ae9673.o
 0001:0000b880       ??1GoodX@@QEAA@XZ          000000014000c880 f   GoodX-ae9673.o
 0001:0000b8e0       ?init@GoodX@@QEAAXAEBVSPrimes@@@Z 000000014000c8e0 f   GoodX-ae9673.o
 0001:0000ba10       ?setAllFalse@GoodX@@QEAAXXZ 000000014000ca10 f   GoodX-ae9673.o
 0001:0000ba80       ??0MultInv@@QEAA@XZ        000000014000ca80 f   MultInv-2bbd1e.o
 0001:0000bb70       ??0MultInv@@QEAA@AEBV0@@Z  000000014000cb70 f   MultInv-2bbd1e.o
 0001:0000bc70       ??1MultInv@@QEAA@XZ        000000014000cc70 f   MultInv-2bbd1e.o
 0001:0000bcd0       ?calcMultInv@MultInv@@AEAAHHH@Z 000000014000ccd0 f   MultInv-2bbd1e.o
 0001:0000bd20       ?calcMultInvL@MultInv@@AEAA_J_J0@Z 000000014000cd20 f   MultInv-2bbd1e.o
 0001:0000bf30       ?init@MultInv@@QEAAXAEBVSPrimes@@@Z 000000014000cf30 f   MultInv-2bbd1e.o
 0001:0000c290       ??0Base10Number@@QEAA@AEBVCharBuf@@@Z 000000014000d290 f   Base10Number-97dd3b.o
 0001:0000c2d0       ?setFromCharBuf@Base10Number@@QEAAXAEBVCharBuf@@@Z 000000014000d2d0 f   Base10Number-97dd3b.o
 0001:0000c3d0       ??0Base10Number@@QEAA@AEBV0@@Z 000000014000d3d0 f   Base10Number-97dd3b.o
 0001:0000c410       ??1Base10Number@@QEAA@XZ   000000014000d410 f   Base10Number-97dd3b.o
 0001:0000c420       ?shortDivide@Division@@SA_NAEBVInteger@@0AEAV2@1AEAVIntegerMath@@@Z 000000014000d420 f   Division-e4da29.o
 0001:0000c890       ?shortDivideRem@Division@@SA_JAEBVInteger@@_JAEAV2@@Z 000000014000d890 f   Division-e4da29.o
 0001:0000cb00       ?divide@Division@@SAXAEBVInteger@@0AEAV2@1AEAVIntegerMath@@@Z 000000014000db00 f   Division-e4da29.o
 0001:0000ce10       ?longDivide3@Division@@SAXAEBVInteger@@0AEAV2@1AEAVIntegerMath@@@Z 000000014000de10 f   Division-e4da29.o
 0001:0000d680       ?longDivide1@Division@@SA_NAEBVInteger@@0AEAV2@1AEAVIntegerMath@@@Z 000000014000e680 f   Division-e4da29.o
 0001:0000d890       ?testDivideBits@Division@@SAX_J_NHAEBVInteger@@2AEAV2@AEAVIntegerMath@@@Z 000000014000e890 f   Division-e4da29.o
 0001:0000da40       ?longDivide2@Division@@SA_NAEBVInteger@@0AEAV2@1AEAVIntegerMath@@@Z 000000014000ea40 f   Division-e4da29.o
 0001:0000dda0       ?findShiftBy@Division@@SAH_J@Z 000000014000eda0 f   Division-e4da29.o
 0001:0000de00       ??0Exponents@@QEAA@XZ      000000014000ee00 f   Exponents-d95490.o
 0001:0000df90       ??0Exponents@@QEAA@AEBV0@@Z 000000014000ef90 f   Exponents-d95490.o
 0001:0000e160       ??1Exponents@@QEAA@XZ      000000014000f160 f   Exponents-d95490.o
 0001:0000e190       ?setupBases@Exponents@@QEAAXAEBVInteger@@0AEAVIntegerMath@@@Z 000000014000f190 f   Exponents-d95490.o
 0001:0000e340       ?toPower@Exponents@@QEAAXAEAVInteger@@AEBV2@1AEAVIntegerMath@@@Z 000000014000f340 f   Exponents-d95490.o
 0001:0000e6b0       ?multiply@Int56@@QEAAXAEBV1@0@Z 000000014000f6b0 f   Int56-a7f3da.o
 0001:0000e800       ?divide@Int56@@QEAA_NAEBV1@0AEAV1@@Z 000000014000f800 f   Int56-a7f3da.o
 0001:0000ea40       ?isDivisibleBySmallPrime@Int56@@QEBAHAEBVSPrimes@@@Z 000000014000fa40 f   Int56-a7f3da.o
 0001:0000eb60       ?setIndex@Integer@@QEAAXH@Z 000000014000fb60 f   Integer-411c6a.o
 0001:0000eba0       ?copy@Integer@@QEAAXAEBV1@@Z 000000014000fba0 f   Integer-411c6a.o
 0001:0000ec20       ?copyUpTo@Integer@@QEAAXAEBV1@H@Z 000000014000fc20 f   Integer-411c6a.o
 0001:0000ecd0       ?getD@Integer@@QEBA_JH@Z   000000014000fcd0 f   Integer-411c6a.o
 0001:0000ed10       ?setD@Integer@@QEAAXH_J@Z  000000014000fd10 f   Integer-411c6a.o
 0001:0000ed70       ?setD48@Integer@@QEAAXH_J@Z 000000014000fd70 f   Integer-411c6a.o
 0001:0000edd0       ?setFromInt24@Integer@@QEAAXH@Z 000000014000fdd0 f   Integer-411c6a.o
 0001:0000ee20       ?setFromLong48@Integer@@QEAAX_J@Z 000000014000fe20 f   Integer-411c6a.o
 0001:0000ee90       ?isEqual@Integer@@QEBA_NAEBV1@@Z 000000014000fe90 f   Integer-411c6a.o
 0001:0000ef20       ?paramIsGreater@Integer@@QEBA_NAEBV1@@Z 000000014000ff20 f   Integer-411c6a.o
 0001:0000ef70       ?paramIsGreaterOrEq@Integer@@QEBA_NAEBV1@@Z 000000014000ff70 f   Integer-411c6a.o
 0001:0000f030       ?carry@Integer@@QEAAXXZ    0000000140010030 f   Integer-411c6a.o
 0001:0000f120       ?increment@Integer@@QEAAXXZ 0000000140010120 f   Integer-411c6a.o
 0001:0000f250       ?decrement@Integer@@QEAAXXZ 0000000140010250 f   Integer-411c6a.o
 0001:0000f320       ?borrow@Integer@@QEAAXXZ   0000000140010320 f   Integer-411c6a.o
 0001:0000f3d0       ?addLong48@Integer@@QEAAX_J@Z 00000001400103d0 f   Integer-411c6a.o
 0001:0000f590       ?add@Integer@@QEAAXAEBV1@@Z 0000000140010590 f   Integer-411c6a.o
 0001:0000f7e0       ?andBits@Integer@@QEAAXAEBV1@0@Z 00000001400107e0 f   Integer-411c6a.o
 0001:0000f880       ?shiftLeft@Integer@@QEAAXH@Z 0000000140010880 f   Integer-411c6a.o
 0001:0000f970       ?shiftDigitsLeft@Integer@@QEAAXH@Z 0000000140010970 f   Integer-411c6a.o
 0001:0000fa20       ?shiftRight@Integer@@QEAAXH@Z 0000000140010a20 f   Integer-411c6a.o
 0001:0000fae0       ?setDigitAndClear@Integer@@QEAAXH_J@Z 0000000140010ae0 f   Integer-411c6a.o
 0001:0000fb90       ?makeRandomOdd@Integer@@QEAA_NH@Z 0000000140010b90 f   Integer-411c6a.o
 0001:0000fdd0       ?setFromBigEndianCharBuf@Integer@@QEAAXAEBVCharBuf@@@Z 0000000140010dd0 f   Integer-411c6a.o
 0001:00010060       ?subtract@Integer@@QEAAXAEBV1@@Z 0000000140011060 f   Integer-411c6a.o
 0001:000101f0       ?multiply24@Integer@@QEAAX_J@Z 00000001400111f0 f   Integer-411c6a.o
 0001:000103d0       ?getModDestruct@Integer@@QEAAH_J@Z 00000001400113d0 f   Integer-411c6a.o
 0001:00010560       ?find64SqrRoot@IntegerMath@@SA_J_J@Z 0000000140011560 f   IntegerMath-59f10c.o
 0001:00010840       ?isDivisibleBySmallPrime@IntegerMath@@QEAAHAEBVInteger@@AEBVSPrimes@@@Z 0000000140011840 f   IntegerMath-59f10c.o
 0001:000108e0       ?getMod24@IntegerMath@@QEAAHAEBVInteger@@_J@Z 00000001400118e0 f   IntegerMath-59f10c.o
 0001:00010a00       ?add@IntegerMath@@QEAAXAEAVInteger@@AEBV2@@Z 0000000140011a00 f   IntegerMath-59f10c.o
 0001:00010c80       ?subtract@IntegerMath@@QEAAXAEAVInteger@@AEBV2@@Z 0000000140011c80 f   IntegerMath-59f10c.o
 0001:00010ef0       ?multiplyLong48@IntegerMath@@QEAAXAEAVInteger@@_J@Z 0000000140011ef0 f   IntegerMath-59f10c.o
 0001:00011090       ?setMultiplySign@IntegerMath@@AEAAXAEAVInteger@@AEBV2@@Z 0000000140012090 f   IntegerMath-59f10c.o
 0001:000110f0       ?multiply@IntegerMath@@QEAAXAEAVInteger@@AEBV2@@Z 00000001400120f0 f   IntegerMath-59f10c.o
 0001:000113d0       ?setFromStr@IntegerMath@@QEAAXAEAVInteger@@AEBVCharBuf@@@Z 00000001400123d0 f   IntegerMath-59f10c.o
 0001:000115c0       ?toString10@IntegerMath@@QEAAXAEBVInteger@@AEAVCharBuf@@@Z 00000001400125c0 f   IntegerMath-59f10c.o
 0001:00011a00       ?multiplyTop@IntegerMath@@QEAAXAEAVInteger@@AEBV2@@Z 0000000140012a00 f   IntegerMath-59f10c.o
 0001:00011c30       ?multiplyTopOne@IntegerMath@@QEAAXAEAVInteger@@AEBV2@@Z 0000000140012c30 f   IntegerMath-59f10c.o
 0001:00011cf0       ?setsqrRootTop@IntegerMath@@QEAAXAEBVInteger@@AEAV2@@Z 0000000140012cf0 f   IntegerMath-59f10c.o
 0001:00011da0       ?squareRoot@IntegerMath@@QEAA_NAEBVInteger@@AEAV2@@Z 0000000140012da0 f   IntegerMath-59f10c.o
 0001:00012070       ?searchSqrtXPart@IntegerMath@@AEAAXHAEBVInteger@@AEAV2@@Z 0000000140013070 f   IntegerMath-59f10c.o
 0001:000123c0       ?setNegative@Integer@@QEAAX_N@Z 00000001400133c0 f i IntegerMath-59f10c.o
 0001:00012400       ?reduce@Mod@@QEAAXAEAVInteger@@AEBV2@1AEAVIntegerMath@@@Z 0000000140013400 f   Mod-fd083a.o
 0001:00012410       ?makeExact@Mod@@QEAAXAEAVInteger@@AEBV2@AEAVIntegerMath@@@Z 0000000140013410 f   Mod-fd083a.o
 0001:000124e0       ?toPower@Mod@@QEAAXAEAVInteger@@AEBV2@1AEAVIntegerMath@@@Z 00000001400134e0 f   Mod-fd083a.o
 0001:00012910       ?verifyInBaseRange@Mod@@QEAAXAEBVInteger@@0PEBD@Z 0000000140013910 f   Mod-fd083a.o
 0001:00012980       ?verifyMoreThanZero@Mod@@QEAAXAEBVInteger@@@Z 0000000140013980 f   Mod-fd083a.o
 0001:000129e0       ?add@Mod@@QEAAXAEAVInteger@@AEBV2@1AEAVIntegerMath@@@Z 00000001400139e0 f   Mod-fd083a.o
 0001:00012b50       ?addL@Mod@@QEAAXAEAVInteger@@_JAEBV2@AEAVIntegerMath@@@Z 0000000140013b50 f   Mod-fd083a.o
 0001:00012ca0       ?negate@Mod@@QEAAXAEAVInteger@@AEBV2@AEAVIntegerMath@@@Z 0000000140013ca0 f   Mod-fd083a.o
 0001:00012d40       ?subtract@Mod@@QEAAXAEAVInteger@@AEBV2@1AEAVIntegerMath@@@Z 0000000140013d40 f   Mod-fd083a.o
 0001:00012e50       ?multiply@Mod@@QEAAXAEAVInteger@@AEBV2@1AEAVIntegerMath@@@Z 0000000140013e50 f   Mod-fd083a.o
 0001:00013030       ?multiplyL@Mod@@QEAAXAEAVInteger@@_JAEBV2@AEAVIntegerMath@@@Z 0000000140014030 f   Mod-fd083a.o
 0001:000131e0       ?divide@Mod@@QEAA_NAEAVInteger@@AEBV2@110AEAVIntegerMath@@@Z 00000001400141e0 f   Mod-fd083a.o
 0001:00013500       ??0NumbSys@@QEAA@XZ        0000000140014500 f   NumbSys-f4f128.o
 0001:00013600       ??0NumbSys@@QEAA@AEBV0@@Z  0000000140014600 f   NumbSys-f4f128.o
 0001:00013730       ??1NumbSys@@QEAA@XZ        0000000140014730 f   NumbSys-f4f128.o
 0001:00013750       ?setupBaseArray@NumbSys@@AEAAXAEBVInteger@@AEAVIntegerMath@@@Z 0000000140014750 f   NumbSys-f4f128.o
 0001:00013910       ?reduce@NumbSys@@QEAAXAEAVInteger@@AEBV2@1AEAVIntegerMath@@@Z 0000000140014910 f   NumbSys-f4f128.o
 0001:00013a60       ?sqroot@MathC@@SANN@Z      0000000140014a60 f   MathC-2932f1.o
 0001:00013a70       ?roundF64@MathC@@SANN@Z    0000000140014a70 f   MathC-2932f1.o
 0001:00013a80       ?roundI64@MathC@@SA_JN@Z   0000000140014a80 f   MathC-2932f1.o
 0001:00013a90       ?roundI32@MathC@@SAHN@Z    0000000140014a90 f   MathC-2932f1.o
 0001:00013ac0       ?parseOneExten@CertExten@@QEAA_NAEBVCharBuf@@AEAV2@@Z 0000000140014ac0 f   CertExten-6fb235.o
 0001:00014180       ?parseBasicConstraints@CertExten@@QEAA_N_N@Z 0000000140015180 f   CertExten-6fb235.o
 0001:000141a0       ?parseKeyUsage@CertExten@@QEAA_N_N@Z 00000001400151a0 f   CertExten-6fb235.o
 0001:000141c0       ?parseOneCert@Certificate@@QEAAIAEBVCharBuf@@AEAVTlsMain@@@Z 00000001400151c0 f   Certificate-0fe854.o
 0001:00014a70       ?parseTbsCert@Certificate@@QEAAIAEBVCharBuf@@AEAVTlsMain@@@Z 0000000140015a70 f   Certificate-0fe854.o
 0001:00014b60       ?parseAlgID@Certificate@@QEAAIAEBVCharBuf@@@Z 0000000140015b60 f   Certificate-0fe854.o
 0001:00014bb0       ?parseVersion@Certificate@@QEAAHAEBVCharBuf@@@Z 0000000140015bb0 f   Certificate-0fe854.o
 0001:00014eb0       ?parseSerialNum@Certificate@@QEAAHAEBVCharBuf@@HAEAVTlsMain@@@Z 0000000140015eb0 f   Certificate-0fe854.o
 0001:000151c0       ?parseTbsSigAlgID@Certificate@@QEAAHAEBVCharBuf@@H@Z 00000001400161c0 f   Certificate-0fe854.o
 0001:000156a0       ?parseIssuer@Certificate@@QEAAHAEBVCharBuf@@H@Z 00000001400166a0 f   Certificate-0fe854.o
 0001:00015e50       ?parseValidity@Certificate@@QEAAHAEBVCharBuf@@H@Z 0000000140016e50 f   Certificate-0fe854.o
 0001:00016280       ?parseSubject@Certificate@@QEAAHAEBVCharBuf@@H@Z 0000000140017280 f   Certificate-0fe854.o
 0001:000169f0       ?parseSubjectPubKey@Certificate@@QEAAHAEBVCharBuf@@HAEAVTlsMain@@@Z 00000001400179f0 f   Certificate-0fe854.o
 0001:00017360       ?parseUniqueID@Certificate@@QEAAHAEBVCharBuf@@H@Z 0000000140018360 f   Certificate-0fe854.o
 0001:000175f0       ?parseExtensions@Certificate@@QEAAHAEBVCharBuf@@H@Z 00000001400185f0 f   Certificate-0fe854.o
 0001:00017c70       ??0CertExten@@QEAA@XZ      0000000140018c70 f i Certificate-0fe854.o
 0001:00018370       ??1CertExten@@QEAA@XZ      0000000140019370 f i Certificate-0fe854.o
 0001:00018410       ?parseCertMsg@CertMesg@@QEAAIAEBVCharBuf@@AEAVTlsMain@@@Z 0000000140019410 f   CertMesg-6e1947.o
 0001:00018c40       ?parseCertVerMsg@CertVerMesg@@QEAAIAEBVCharBuf@@AEAVTlsMain@@@Z 0000000140019c40 f   CertVerMesg-74fb2f.o
 0001:00018ca0       ??0ClientHello@@QEAA@XZ    0000000140019ca0 f   ClientHello-415e8d.o
 0001:00018d40       ??0ClientHello@@QEAA@AEBV0@@Z 0000000140019d40 f   ClientHello-415e8d.o
 0001:00018e30       ??1ClientHello@@QEAA@XZ    0000000140019e30 f   ClientHello-415e8d.o
 0001:00018e40       ?parseBuffer@ClientHello@@QEAAIAEBVCharBuf@@AEAVTlsMain@@AEAVEncryptTls@@@Z 0000000140019e40 f   ClientHello-415e8d.o
 0001:00019630       ?makeHelloBuf@ClientHello@@QEAAXAEAVCharBuf@@AEAVTlsMain@@AEAVEncryptTls@@@Z 000000014001a630 f   ClientHello-415e8d.o
 0001:00019ed0       ?startTestVecHandshake@ClientTls@@QEAA_NAEBVCharBuf@@0@Z 000000014001aed0 f   ClientTls-3b5e1f.o
 0001:00019ee0       ?startHandshake@ClientTls@@QEAA_NAEBVCharBuf@@0@Z 000000014001aee0 f   ClientTls-3b5e1f.o
 0001:00019ef0       ?processData@ClientTls@@QEAAHXZ 000000014001aef0 f   ClientTls-3b5e1f.o
 0001:00019fc0       ?getValue@DerEncode@@QEBAXAEAVCharBuf@@@Z 000000014001afc0 f   DerEncode-e446e5.o
 0001:00019fd0       ?readOneTag@DerEncode@@QEAAHAEBVCharBuf@@HAEA_NAEAV2@H@Z 000000014001afd0 f   DerEncode-e446e5.o
 0001:0001a770       ?showTag@DerEncode@@QEAAXIIAEAVCharBuf@@@Z 000000014001b770 f   DerEncode-e446e5.o
 0001:0001ab20       ?readAllTags@DerEncodeLoop@@QEAAHAEBVCharBuf@@HAEAV2@H@Z 000000014001bb20 f   DerEncodeLoop-7183df.o
 0001:0001adc0       ?makeFromCharBuf@DerObjID@@SAXAEBVCharBuf@@AEAV2@@Z 000000014001bdc0 f   DerObjID-3ab8de.o
 0001:0001b500       ?getOneNumber@DerObjID@@SA_KAEAVCharBuf@@@Z 000000014001c500 f   DerObjID-3ab8de.o
 0001:0001b6f0       ?extract@EncryptTls@@AEAAXAEAVCharBuf@@AEBV2@1@Z 000000014001c6f0 f   EncryptTls-885411.o
 0001:0001b700       ?expand@EncryptTls@@AEAAXAEAVCharBuf@@AEBV2@1@Z 000000014001c700 f   EncryptTls-885411.o
 0001:0001b850       ?hkdfExpandLabel@EncryptTls@@AEAAXAEAVCharBuf@@AEBV2@11H@Z 000000014001c850 f   EncryptTls-885411.o
 0001:0001bad0       ?deriveSecret@EncryptTls@@AEAAXAEAVCharBuf@@AEBV2@11@Z 000000014001cad0 f   EncryptTls-885411.o
 0001:0001bc20       ?setHandshakeKeys@EncryptTls@@QEAAXAEAVTlsMain@@AEAVInteger@@@Z 000000014001cc20 f   EncryptTls-885411.o
 0001:0001d430       ?makeMsgTranscript2@EncryptTls@@AEAAXAEAVCharBuf@@AEAVTlsMain@@@Z 000000014001e430 f   EncryptTls-885411.o
 0001:0001db60       ?setAppDataKeys@EncryptTls@@QEAAXAEAVTlsMain@@@Z 000000014001eb60 f   EncryptTls-885411.o
 0001:0001e9d0       ?setDiffHelmOnClient@EncryptTls@@QEAAXAEAVTlsMain@@AEAVInteger@@@Z 000000014001f9d0 f   EncryptTls-885411.o
 0001:0001ec10       ?setDiffHelmOnServer@EncryptTls@@QEAAXAEAVTlsMain@@AEAVInteger@@@Z 000000014001fc10 f   EncryptTls-885411.o
 0001:0001ee50       ?srvWriteDecryptCharBuf@EncryptTls@@QEAAXAEBVCharBuf@@AEAV2@@Z 000000014001fe50 f   EncryptTls-885411.o
 0001:0001f1c0       ?clWriteDecryptCharBuf@EncryptTls@@QEAAXAEBVCharBuf@@AEAV2@@Z 00000001400201c0 f   EncryptTls-885411.o
 0001:0001f530       ?makeClFinishedMsg@EncryptTls@@QEAAXAEAVTlsMain@@AEAVCharBuf@@@Z 0000000140020530 f   EncryptTls-885411.o
 0001:0001f540       ?xorFrom@CharBuf@@QEAAXAEBV1@@Z 0000000140020540 f i EncryptTls-885411.o
 0001:0001f600       ?setFromMsg@ExtenList@@QEAAIAEBVCharBuf@@HAEAVTlsMain@@_NAEAVEncryptTls@@@Z 0000000140020600 f   ExtenList-adabb6.o
 0001:0001fd30       ?setOneExt@ExtenList@@AEAAIIAEBVCharBuf@@AEAVTlsMain@@_NAEAVEncryptTls@@@Z 0000000140020d30 f   ExtenList-adabb6.o
 0001:00020020       ?makeClHelloBuf@ExtenList@@QEAA_NAEAVCharBuf@@AEAVTlsMain@@AEAVEncryptTls@@@Z 0000000140021020 f   ExtenList-adabb6.o
 0001:000205a0       ?makeSrvHelloBuf@ExtenList@@QEAA_NAEAVCharBuf@@AEAVTlsMain@@AEAVEncryptTls@@@Z 00000001400215a0 f   ExtenList-adabb6.o
 0001:00020890       ?sessionTicket@Extension@@QEAAIXZ 0000000140021890 f   Extension-450c09.o
 0001:000208b0       ?serverName@Extension@@QEAAIAEBVCharBuf@@AEAVTlsMain@@@Z 00000001400218b0 f   Extension-450c09.o
 0001:00020bd0       ?supportedVersions@Extension@@QEAAIAEBVCharBuf@@AEAVTlsMain@@_N@Z 0000000140021bd0 f   Extension-450c09.o
 0001:00020e20       ?supportedGroups@Extension@@QEAAIAEBVCharBuf@@AEAVTlsMain@@@Z 0000000140021e20 f   Extension-450c09.o
 0001:00020ff0       ?signatureAlgorithms@Extension@@QEAAIAEBVCharBuf@@AEAVTlsMain@@@Z 0000000140021ff0 f   Extension-450c09.o
 0001:00021150       ?signatureAlgorithmsCert@Extension@@QEAAIAEBVCharBuf@@AEAVTlsMain@@@Z 0000000140022150 f   Extension-450c09.o
 0001:000211a0       ?keyShare@Extension@@QEAAIAEBVCharBuf@@AEAVTlsMain@@_NAEAVEncryptTls@@@Z 00000001400221a0 f   Extension-450c09.o
 0001:00021630       ?parseMsg@FinishedMesg@@QEAAIAEBVCharBuf@@AEAVTlsMain@@@Z 0000000140022630 f   FinishedMesg-e48f06.o
 0001:00021680       ??0HandshakeCl@@QEAA@XZ    0000000140022680 f   HandshakeCl-05007d.o
 0001:00021900       ??0HandshakeCl@@QEAA@AEBV0@@Z 0000000140022900 f   HandshakeCl-05007d.o
 0001:00021b40       ??1HandshakeCl@@QEAA@XZ    0000000140022b40 f   HandshakeCl-05007d.o
 0001:00021b90       ?accumByte@HandshakeCl@@AEAAIE@Z 0000000140022b90 f   HandshakeCl-05007d.o
 0001:00021db0       ?parseMessage@HandshakeCl@@AEAAIAEAVTlsMain@@AEAEAEAVEncryptTls@@@Z 0000000140022db0 f   HandshakeCl-05007d.o
 0001:000222d0       ?processInBuf@HandshakeCl@@QEAAIAEBVCharBuf@@AEAVTlsMain@@AEAEAEAVEncryptTls@@@Z 00000001400232d0 f   HandshakeCl-05007d.o
 0001:00022540       ?makeClHelloBuf@HandshakeCl@@QEAAXAEAVCharBuf@@AEAVTlsMain@@AEAVEncryptTls@@@Z 0000000140023540 f   HandshakeCl-05007d.o
 0001:000227a0       ??0HandshakeSrv@@QEAA@XZ   00000001400237a0 f   HandshakeSrv-3da1c0.o
 0001:00022a20       ??0HandshakeSrv@@QEAA@AEBV0@@Z 0000000140023a20 f   HandshakeSrv-3da1c0.o
 0001:00022c60       ??1HandshakeSrv@@QEAA@XZ   0000000140023c60 f   HandshakeSrv-3da1c0.o
 0001:00022cb0       ?accumByte@HandshakeSrv@@AEAAIE@Z 0000000140023cb0 f   HandshakeSrv-3da1c0.o
 0001:00022ed0       ?parseMessage@HandshakeSrv@@AEAAIAEAVTlsMain@@AEAEAEAVEncryptTls@@@Z 0000000140023ed0 f   HandshakeSrv-3da1c0.o
 0001:000231a0       ?processInBuf@HandshakeSrv@@QEAAIAEBVCharBuf@@AEAVTlsMain@@AEAEAEAVEncryptTls@@@Z 00000001400241a0 f   HandshakeSrv-3da1c0.o
 0001:00023410       ?makeSrvHelloBuf@HandshakeSrv@@QEAAXAEAVCharBuf@@AEAVTlsMain@@AEAVEncryptTls@@@Z 0000000140024410 f   HandshakeSrv-3da1c0.o
 0001:00023680       ??0NetClient@@QEAA@XZ      0000000140024680 f   NetClient-b9e198.o
 0001:000236a0       ??0NetClient@@QEAA@AEBV0@@Z 00000001400246a0 f   NetClient-b9e198.o
 0001:000236f0       ??1NetClient@@QEAA@XZ      00000001400246f0 f   NetClient-b9e198.o
 0001:00023750       ?closeSocket@NetClient@@QEAAXXZ 0000000140024750 f   NetClient-b9e198.o
 0001:00023780       ?connect@NetClient@@QEAA_NAEBVCharBuf@@0@Z 0000000140024780 f   NetClient-b9e198.o
 0001:000237c0       ?sendCharBuf@NetClient@@QEAAHAEBVCharBuf@@@Z 00000001400247c0 f   NetClient-b9e198.o
 0001:000237e0       ?receiveCharBuf@NetClient@@QEAA_NAEAVCharBuf@@@Z 00000001400247e0 f   NetClient-b9e198.o
 0001:00023830       ??0SClientArray@@QEAA@XZ   0000000140024830 f   SClientArray-589ba4.o
 0001:000238a0       ??0SClientArray@@QEAA@AEBV0@@Z 00000001400248a0 f   SClientArray-589ba4.o
 0001:00023940       ??1SClientArray@@QEAA@XZ   0000000140024940 f   SClientArray-589ba4.o
 0001:00023950       ?addNewClient@SClientArray@@QEAA_NPEAVSrvClient@@@Z 0000000140024950 f   SClientArray-589ba4.o
 0001:000239c0       ?closeAllSockets@SClientArray@@QEAAXXZ 00000001400249c0 f   SClientArray-589ba4.o
 0001:00023a20       ?processData@SClientArray@@QEAAXXZ 0000000140024a20 f   SClientArray-589ba4.o
 0001:00023ab0       ??0Server@@QEAA@XZ         0000000140024ab0 f   Server-368295.o
 0001:00023ae0       ??0Server@@QEAA@AEBV0@@Z   0000000140024ae0 f   Server-368295.o
 0001:00023b80       ??1Server@@QEAA@XZ         0000000140024b80 f   Server-368295.o
 0001:00023b90       ?addNewClient@Server@@QEAA_NPEAVSrvClient@@@Z 0000000140024b90 f   Server-368295.o
 0001:00023ba0       ?startServer@Server@@QEAA_NPEBD0@Z 0000000140024ba0 f   Server-368295.o
 0001:00023c00       ?oneLoop@Server@@QEAA_NXZ  0000000140024c00 f   Server-368295.o
 0001:00023c70       ??0ServerHello@@QEAA@XZ    0000000140024c70 f   ServerHello-562aa7.o
 0001:00023d10       ??0ServerHello@@QEAA@AEBV0@@Z 0000000140024d10 f   ServerHello-562aa7.o
 0001:00023e00       ??1ServerHello@@QEAA@XZ    0000000140024e00 f   ServerHello-562aa7.o
 0001:00023e10       ?parseBuffer@ServerHello@@QEAAIAEBVCharBuf@@AEAVTlsMain@@AEAVEncryptTls@@@Z 0000000140024e10 f   ServerHello-562aa7.o
 0001:00024440       ?makeHelloBuf@ServerHello@@QEAAXAEAVCharBuf@@AEAVTlsMain@@AEAVEncryptTls@@@Z 0000000140025440 f   ServerHello-562aa7.o
 0001:00024b60       ??0ServerTls@@QEAA@XZ      0000000140025b60 f   ServerTls-d1efc3.o
 0001:00024b80       ??0ServerTls@@QEAA@AEBV0@@Z 0000000140025b80 f   ServerTls-d1efc3.o
 0001:00024c10       ??1ServerTls@@QEAA@XZ      0000000140025c10 f   ServerTls-d1efc3.o
 0001:00024c20       ?startServer@ServerTls@@QEAA_NPEBD0@Z 0000000140025c20 f   ServerTls-d1efc3.o
 0001:00024c30       ?mainLoop@ServerTls@@QEAAXXZ 0000000140025c30 f   ServerTls-d1efc3.o
 0001:00024e20       ??0SocketGetAddress@@QEAA@XZ 0000000140025e20 f   SocketsApiWin-91ffcb.o
 0001:00024e30       ??1SocketGetAddress@@QEAA@XZ 0000000140025e30 f   SocketsApiWin-91ffcb.o
 0001:00024e90       ?getAddressInfo@SocketGetAddress@@QEAA_NAEBVCharBuf@@0_N1@Z 0000000140025e90 f   SocketsApiWin-91ffcb.o
 0001:00025040       ?moveToNextAddr@SocketGetAddress@@QEAA_NXZ 0000000140026040 f   SocketsApiWin-91ffcb.o
 0001:00025060       ?getAddressBuf@SocketGetAddress@@SA_NAEAVCharBuf@@PEAUsockaddr@@@Z 0000000140026060 f   SocketsApiWin-91ffcb.o
 0001:00025250       ??0SocketsApi@@QEAA@XZ     0000000140026250 f   SocketsApiWin-91ffcb.o
 0001:000252a0       ??0SocketsApi@@QEAA@AEBV0@@Z 00000001400262a0 f   SocketsApiWin-91ffcb.o
 0001:000252e0       ??1SocketsApi@@QEAA@XZ     00000001400262e0 f   SocketsApiWin-91ffcb.o
 0001:00025320       ?closeSocket@SocketsApi@@SAX_K@Z 0000000140026320 f   SocketsApiWin-91ffcb.o
 0001:00025340       ?shutdownRead@SocketsApi@@SAX_K@Z 0000000140026340 f   SocketsApiWin-91ffcb.o
 0001:00025350       ?connectClient@SocketsApi@@SA_KAEBVCharBuf@@0@Z 0000000140026350 f   SocketsApiWin-91ffcb.o
 0001:000257e0       ?setNonBlocking@SocketsApi@@SA_N_K@Z 00000001400267e0 f   SocketsApiWin-91ffcb.o
 0001:00025850       ?openServer@SocketsApi@@SA_KPEBD0_N@Z 0000000140026850 f   SocketsApiWin-91ffcb.o
 0001:00025c10       ?acceptConnect@SocketsApi@@SA_K_KAEAVCharBuf@@@Z 0000000140026c10 f   SocketsApiWin-91ffcb.o
 0001:00025d90       ?sendCharBuf@SocketsApi@@SAH_KAEBVCharBuf@@@Z 0000000140026d90 f   SocketsApiWin-91ffcb.o
 0001:00025f30       ?receiveCharBuf@SocketsApi@@SA_N_KAEAVCharBuf@@@Z 0000000140026f30 f   SocketsApiWin-91ffcb.o
 0001:00026060       ??0SrvClient@@IEAA@XZ      0000000140027060 f   SrvClient-4b1a7e.o
 0001:000260b0       ??0SrvClient@@QEAA@_K@Z    00000001400270b0 f   SrvClient-4b1a7e.o
 0001:000260f0       ??0SrvClient@@QEAA@AEBV0@@Z 00000001400270f0 f   SrvClient-4b1a7e.o
 0001:00026150       ??1SrvClient@@UEAA@XZ      0000000140027150 f   SrvClient-4b1a7e.o
 0001:000261c0       ?processData@SrvClient@@UEAAHXZ 00000001400271c0 f   SrvClient-4b1a7e.o
 0001:000261d0       ?readSocket@SrvClient@@QEAAXAEAVCharBuf@@@Z 00000001400271d0 f   SrvClient-4b1a7e.o
 0001:00026220       ?writeSocket@SrvClient@@QEAAHAEBVCharBuf@@@Z 0000000140027220 f   SrvClient-4b1a7e.o
 0001:00026270       ??_GSrvClient@@UEAAPEAXI@Z 0000000140027270 f i SrvClient-4b1a7e.o
 0001:000262f0       ??0SrvClTls@@IEAA@XZ       00000001400272f0 f   SrvClTls-9ff770.o
 0001:000263c0       ??0SrvClTls@@QEAA@_K@Z     00000001400273c0 f   SrvClTls-9ff770.o
 0001:000264d0       ??1SrvClTls@@UEAA@XZ       00000001400274d0 f   SrvClTls-9ff770.o
 0001:00026540       ?processData@SrvClTls@@UEAAHXZ 0000000140027540 f   SrvClTls-9ff770.o
 0001:000267e0       ??0TlsMain@@QEAA@XZ        00000001400277e0 f i SrvClTls-9ff770.o
 0001:00027170       ??0TlsMainSrv@@QEAA@XZ     0000000140028170 f i SrvClTls-9ff770.o
 0001:00027540       ??1TlsMainSrv@@QEAA@XZ     0000000140028540 f i SrvClTls-9ff770.o
 0001:000275f0       ??1TlsMain@@QEAA@XZ        00000001400285f0 f i SrvClTls-9ff770.o
 0001:000276f0       ??_GSrvClTls@@UEAAPEAXI@Z  00000001400286f0 f i SrvClTls-9ff770.o
 0001:00027780       ??0EncryptTls@@QEAA@XZ     0000000140028780 f i SrvClTls-9ff770.o
 0001:00027d20       ??1EncryptTls@@QEAA@XZ     0000000140028d20 f i SrvClTls-9ff770.o
 0001:00027d80       ??1Sha256@@QEAA@XZ         0000000140028d80 f i SrvClTls-9ff770.o
 0001:00027db0       ?processOutgoing@TlsMainCl@@QEAAHXZ 0000000140028db0 f   TlsMainCl-f005f0.o
 0001:00027ed0       ?copyOutBuf@TlsMainCl@@QEAAXAEAVCharBuf@@@Z 0000000140028ed0 f   TlsMainCl-f005f0.o
 0001:00027f00       ?processIncoming@TlsMainCl@@QEAAHXZ 0000000140028f00 f   TlsMainCl-f005f0.o
 0001:000285d0       ?sendPlainAlert@TlsMainCl@@QEAAXE@Z 00000001400295d0 f   TlsMainCl-f005f0.o
 0001:00028610       ?processHandshake@TlsMainCl@@QEAAHAEBVCharBuf@@@Z 0000000140029610 f   TlsMainCl-f005f0.o
 0001:00028a20       ?processAppData@TlsMainCl@@QEAAHAEBVCharBuf@@@Z 0000000140029a20 f   TlsMainCl-f005f0.o
 0001:00028d30       ?sendTestVecFinished@TlsMainCl@@QEAA_NXZ 0000000140029d30 f   TlsMainCl-f005f0.o
 0001:00028fc0       ?startTestVecHandshake@TlsMainCl@@QEAA_NAEBVCharBuf@@0@Z 0000000140029fc0 f   TlsMainCl-f005f0.o
 0001:00029a20       ?startHandshake@TlsMainCl@@QEAA_NAEBVCharBuf@@0@Z 000000014002aa20 f   TlsMainCl-f005f0.o
 0001:00029d60       ?showAlert@Alerts@@SAXE@Z  000000014002ad60 f i TlsMainCl-f005f0.o
 0001:0002a150       ?setTestVecServerCertOnly@TlsMainSrv@@QEAAXAEAVCharBuf@@@Z 000000014002b150 f   TlsMainSrv-e73a4f.o
 0001:0002a2a0       ?setTestVecServerHello@TlsMainSrv@@QEAAXAEAVCharBuf@@AEAVTlsMain@@@Z 000000014002b2a0 f   TlsMainSrv-e73a4f.o
 0001:0002ac30       ?processIncoming@TlsMainSrv@@QEAAHAEBVCharBuf@@AEAVTlsMain@@@Z 000000014002bc30 f   TlsMainSrv-e73a4f.o
 0001:0002b0e0       ?sendPlainAlert@TlsMainSrv@@QEAAXE@Z 000000014002c0e0 f   TlsMainSrv-e73a4f.o
 0001:0002b120       ?processHandshake@TlsMainSrv@@QEAAHAEBVCharBuf@@AEAVTlsMain@@@Z 000000014002c120 f   TlsMainSrv-e73a4f.o
 0001:0002b7d0       ?processAppData@TlsMainSrv@@QEAAHAEBVCharBuf@@AEAVTlsMain@@@Z 000000014002c7d0 f   TlsMainSrv-e73a4f.o
 0001:0002bae0       ?sendChangeCipherSpec@TlsMainSrv@@QEAAXXZ 000000014002cae0 f   TlsMainSrv-e73a4f.o
 0001:0002bb50       ?setTestVecServerCertOuter@TlsMainSrv@@QEAAXAEAVCharBuf@@@Z 000000014002cb50 f   TlsMainSrv-e73a4f.o
 0001:0002bca0       ?setTestVecServerEncExten@TlsMainSrv@@QEAAXAEAVCharBuf@@@Z 000000014002cca0 f   TlsMainSrv-e73a4f.o
 0001:0002bdf0       ?setTestVecServerCertVerify@TlsMainSrv@@QEAAXAEAVCharBuf@@@Z 000000014002cdf0 f   TlsMainSrv-e73a4f.o
 0001:0002bf40       ?setTestVecServerFinished@TlsMainSrv@@QEAAXAEAVCharBuf@@@Z 000000014002cf40 f   TlsMainSrv-e73a4f.o
 0001:0002c090       ?setTestVecNewSessionTicket@TlsMainSrv@@QEAAXAEAVCharBuf@@@Z 000000014002d090 f   TlsMainSrv-e73a4f.o
 0001:0002c1e0       ?copyOutBuf@TlsMainSrv@@QEAAXAEAVCharBuf@@@Z 000000014002d1e0 f   TlsMainSrv-e73a4f.o
 0001:0002c210       ?accumByte@TlsOuterRec@@QEAAIE@Z 000000014002d210 f   TlsOuterRec-932e5d.o
 0001:0002c3f0       ?makeHandshakeRec@TlsOuterRec@@SAHAEBVCharBuf@@AEAV2@AEAVTlsMain@@@Z 000000014002d3f0 f   TlsOuterRec-932e5d.o
 0001:0002c510       ?makeAppDataRec@TlsOuterRec@@SAHAEBVCharBuf@@AEAV2@AEAVTlsMain@@@Z 000000014002d510 f   TlsOuterRec-932e5d.o
 0001:0002c630       ?addRoundKey@Aes@@AEAAXH@Z 000000014002d630 f   Aes-1aca48.o
 0001:0002c730       ?subBytes@Aes@@AEAAXXZ     000000014002d730 f   Aes-1aca48.o
 0001:0002c7f0       ?shiftRows@Aes@@AEAAXXZ    000000014002d7f0 f   Aes-1aca48.o
 0001:0002c830       ?mixColumns@Aes@@AEAAXXZ   000000014002d830 f   Aes-1aca48.o
 0001:0002cdd0       ?encryptLoop@Aes@@QEAAXXZ  000000014002ddd0 f   Aes-1aca48.o
 0001:0002d130       ?encryptCharBuf@Aes@@QEAAXAEBVCharBuf@@AEAV2@H@Z 000000014002e130 f   Aes-1aca48.o
 0001:0002d170       ?encryptPolynom128@Aes@@QEAAXAEAVPolynom128@@@Z 000000014002e170 f   Aes-1aca48.o
 0001:0002d270       ?encryptTest@Aes@@QEAAXXZ  000000014002e270 f   Aes-1aca48.o
 0001:0002d810       ?moveCharBufToState@AesState@@QEAAXAEBVCharBuf@@H@Z 000000014002e810 f i Aes-1aca48.o
 0001:0002db80       ?moveStateToCharBuf@AesState@@QEAAXAEAVCharBuf@@@Z 000000014002eb80 f i Aes-1aca48.o
 0001:0002dc60       ?encryptTest@AesGalois@@QEAAXXZ 000000014002ec60 f   AesGalois-c9e363.o
 0001:0002e150       ?setKey@AesGalois@@QEAAXAEBVCharBuf@@H@Z 000000014002f150 f   AesGalois-c9e363.o
 0001:0002e1b0       ?encryptCharBuf@AesGalois@@QEAAXAEBVCharBuf@@00AEAV2@@Z 000000014002f1b0 f   AesGalois-c9e363.o
 0001:0002e300       ?decryptCharBuf@AesGalois@@QEAAXAEBVCharBuf@@00AEAV2@@Z 000000014002f300 f   AesGalois-c9e363.o
 0001:0002e740       ?makeHashSubKey@AesGalois@@AEAAXXZ 000000014002f740 f   AesGalois-c9e363.o
 0001:0002e790       ?setCharBufToBlock16@AesGalois@@AEAAXAEAVCharBuf@@@Z 000000014002f790 f   AesGalois-c9e363.o
 0001:0002e7f0       ?setJ0fromIV@AesGalois@@AEAAXAEBVCharBuf@@AEAVPolynom128@@@Z 000000014002f7f0 f   AesGalois-c9e363.o
 0001:0002ea50       ?gHash@AesGalois@@AEAAXAEBVCharBuf@@AEAVPolynom128@@@Z 000000014002fa50 f   AesGalois-c9e363.o
 0001:0002f2f0       ?gctr@AesGalois@@AEAAXAEBVCharBuf@@AEBVPolynom128@@AEAV2@@Z 00000001400302f0 f   AesGalois-c9e363.o
 0001:0002f890       ?makeAuthTag@AesGalois@@AEAAXAEBVCharBuf@@0AEBVPolynom128@@AEAV2@@Z 0000000140030890 f   AesGalois-c9e363.o
 0001:0002fbd0       ?multiply@Polynom128@@QEAAXAEBV1@0@Z 0000000140030bd0 f i AesGalois-c9e363.o
 0001:00030030       ?appendToCharBuf@Polynom128@@QEAAXAEAVCharBuf@@@Z 0000000140031030 f i AesGalois-c9e363.o
 0001:00030110       ?keyExpansion@AesKeySched@@AEAAXAEBVAesSBox@@@Z 0000000140031110 f   AesKeySched-9268ef.o
 0001:000303a0       ?setKey@AesKeySched@@QEAAXAEBVCharBuf@@HAEBVAesSBox@@@Z 00000001400313a0 f   AesKeySched-9268ef.o
 0001:000304b0       ?lettersToBits@Base64@@QEAAHAEAVCharBuf@@DDDD@Z 00000001400314b0 f   Base64-b87ec7.o
 0001:00030710       ?codeToBytes@Base64@@QEAA_NAEAVCharBuf@@0@Z 0000000140031710 f   Base64-b87ec7.o
 0001:000307e0       ?bytesToCode@Base64@@QEAA_NAEAVCharBuf@@0@Z 00000001400317e0 f   Base64-b87ec7.o
 0001:00030b50       ?test@Base64@@QEAAXXZ      0000000140031b50 f   Base64-b87ec7.o
 0001:00030e90       ?filterCharSet@Base64@@QEAAXAEAVCharBuf@@0@Z 0000000140031e90 f   Base64-b87ec7.o
 0001:00030f70       ?setupBoolAlpha@Base64@@QEAAXXZ 0000000140031f70 f   Base64-b87ec7.o
 0001:000310d0       ?greatestComDiv@Euclid@@SAXAEBVInteger@@0AEAV2@AEAVIntegerMath@@@Z 00000001400320d0 f   Euclid-679c58.o
 0001:00031350       ?multInverse@Euclid@@SA_NAEBVInteger@@0AEAV2@1AEAVIntegerMath@@@Z 0000000140032350 f   Euclid-679c58.o
 0001:00031b50       ?makeAPrime@Fermat@@SAXAEAVInteger@@HAEBVSPrimes@@AEAVMod@@AEAVIntegerMath@@@Z 0000000140032b50 f   Fermat-18eb95.o
 0001:00031c20       ?isPrime@Fermat@@SA_NAEAVInteger@@AEBVSPrimes@@AEAVMod@@AEAVIntegerMath@@@Z 0000000140032c20 f   Fermat-18eb95.o
 0001:00031dc0       ?isPrimeForOneValue@Fermat@@SA_NAEAVInteger@@_JAEAVMod@@AEAVIntegerMath@@@Z 0000000140032dc0 f   Fermat-18eb95.o
 0001:00031ed0       ?findIt@FindFacSm@@QEAA_JAEAVInteger@@_JAEBVSPrimes@@AEAVIntegerMath@@@Z 0000000140032ed0 f   FindFacSm-652bf9.o
 0001:000320e0       ?findSmall31@FindFacSm@@QEAA_JAEAVInteger@@_JAEAVIntegerMath@@@Z 00000001400330e0 f   FindFacSm-652bf9.o
 0001:000322c0       ?makeSmallAr13@FindFacSm@@QEAAXXZ 00000001400332c0 f   FindFacSm-652bf9.o
 0001:000323f0       ?makeBigAr19@FindFacSm@@QEAAXXZ 00000001400333f0 f   FindFacSm-652bf9.o
 0001:00032570       ?makeIt@MakePrime@@QEAAXAEAVInteger@@HAEBVSPrimes@@AEAVMod@@AEAVIntegerMath@@@Z 0000000140033570 f   MakePrime-ea48ce.o
 0001:00032670       ?removeSmallP@MakePrime@@QEAAXAEAVInteger@@_JAEBVSPrimes@@AEAVIntegerMath@@@Z 0000000140033670 f   MakePrime-ea48ce.o
 0001:000328f0       ?isOnCurve@MCurve@@QEAA_NAEBVMPoint@@AEAVMod@@AEAVIntegerMath@@@Z 00000001400338f0 f   MCurve-8762b8.o
 0001:00032b30       ?scalarMult@MCurve@@QEAA_NAEAVMPoint@@AEBVInteger@@AEAV3@AEAVIntegerMath@@AEAVMod@@@Z 0000000140033b30 f   MCurve-8762b8.o
 0001:00033010       ?cSwap1@MCurve@@QEAAXHAEAVInteger@@0@Z 0000000140034010 f   MCurve-8762b8.o
 0001:000330a0       ?montLadder1@MCurve@@QEAA_NAEAVInteger@@AEBV2@1AEAVIntegerMath@@AEAVMod@@@Z 00000001400340a0 f   MCurve-8762b8.o
 0001:00033da0       ?makeRandExponentK@MCurve@@QEAAXAEAVInteger@@AEAVCharBuf@@@Z 0000000140034da0 f   MCurve-8762b8.o
 0001:00033e80       ?makeRandom32Bytes@MCurve@@QEAAXAEAVByteArray@@@Z 0000000140034e80 f   MCurve-8762b8.o
 0001:00033ff0       ?clampK@MCurve@@QEAAXAEAVByteArray@@@Z 0000000140034ff0 f   MCurve-8762b8.o
 0001:00034050       ?cArrayToInt@MCurve@@QEAAXAEBVByteArray@@AEAVInteger@@@Z 0000000140035050 f   MCurve-8762b8.o
 0001:00034110       ?makeThePrime@MCurve@@QEAAXAEAVIntegerMath@@@Z 0000000140035110 f   MCurve-8762b8.o
 0001:00034430       ?clampU@MCurve@@QEAAXAEAVByteArray@@@Z 0000000140035430 f   MCurve-8762b8.o
 0001:00034470       ?uCoordTo32Bytes@MCurve@@QEBAXAEBVInteger@@AEAVByteArray@@AEAVMod@@AEAVIntegerMath@@@Z 0000000140035470 f   MCurve-8762b8.o
 0001:000346f0       ?isConjugate@MPoint@@QEBA_NAEBV1@AEBVInteger@@AEAVMod@@AEAVIntegerMath@@@Z 00000001400356f0 f   MPoint-2c5fa6.o
 0001:00034810       ?add@MPoint@@QEAA_NAEBV1@0AEBVInteger@@AEAV2@AEAVMod@@AEAVIntegerMath@@@Z 0000000140035810 f   MPoint-2c5fa6.o
 0001:000350f0       ?doubleP@MPoint@@QEAA_NAEBV1@AEBVInteger@@AEAV2@AEAVMod@@AEAVIntegerMath@@@Z 00000001400360f0 f   MPoint-2c5fa6.o
 0001:00035940       ??0QuadRes@@QEAA@XZ        0000000140036940 f   QuadRes-00d8f5.o
 0001:00035a30       ??0QuadRes@@QEAA@AEBV0@@Z  0000000140036a30 f   QuadRes-00d8f5.o
 0001:00035b30       ??1QuadRes@@QEAA@XZ        0000000140036b30 f   QuadRes-00d8f5.o
 0001:00035b90       ?init@QuadRes@@QEAAXAEBVSPrimes@@@Z 0000000140036b90 f   QuadRes-00d8f5.o
 0001:00035d90       ?isSmallQR@QuadRes@@SA_NH@Z 0000000140036d90 f   QuadRes-00d8f5.o
 0001:00035e70       ?isQR17@QuadRes@@SA_NH@Z   0000000140036e70 f   QuadRes-00d8f5.o
 0001:00035ed0       ?isQR19@QuadRes@@SA_NH@Z   0000000140036ed0 f   QuadRes-00d8f5.o
 0001:00035f40       ?isQR23@QuadRes@@SA_NH@Z   0000000140036f40 f   QuadRes-00d8f5.o
 0001:00035fc0       ?isQR29@QuadRes@@SA_NH@Z   0000000140036fc0 f   QuadRes-00d8f5.o
 0001:00036050       ?makeRandomBytes@Randomish@@SAXAEAVCharBuf@@H@Z 0000000140037050 f   Randomish-7b9f42.o
 0001:00036120       ??R?$mersenne_twister@I$0CA@$0CHA@$0BIN@$0BP@$0JJAILANP@$0L@$06$0JNCMFGIA@$0P@$0OPMGAAAA@$0BC@@std@@QEAAIXZ 0000000140037120 f i Randomish-7b9f42.o
 0001:00036450       ?makeKeys@Rsa@@QEAA_NAEBVInteger@@0AEAVIntegerMath@@AEAVMod@@AEAVSPrimes@@AEAVFindFacSm@@AEBVMultInv@@AEBVCrtMath@@AEAVGarnerCrt@@@Z 0000000140037450 f   Rsa-b22f78.o
 0001:000369a0       ?isGoodPair@Rsa@@QEAA_NAEAVIntegerMath@@@Z 00000001400379a0 f   Rsa-b22f78.o
 0001:00036aa0       ?setPrivateKeys@Rsa@@QEAA_NAEAVIntegerMath@@@Z 0000000140037aa0 f   Rsa-b22f78.o
 0001:00036d60       ?testEncryption@Rsa@@QEAA_NAEAVMod@@AEAVIntegerMath@@AEBVSPrimes@@AEBVMultInv@@AEBVCrtMath@@@Z 0000000140037d60 f   Rsa-b22f78.o
 0001:000371b0       ?test@RsaTest@@QEAAXAEAVRsa@@AEAVMod@@AEAVSPrimes@@AEAVIntegerMath@@AEAVFindFacSm@@AEBVMultInv@@AEBVCrtMath@@AEAVGarnerCrt@@@Z 00000001400381b0 f   RsaTest-551fee.o
 0001:000374f0       ??1MakePrime@@QEAA@XZ      00000001400384f0 f i RsaTest-551fee.o
 0001:00037520       ??0FindFacSm@@QEAA@XZ      0000000140038520 f i RsaTest-551fee.o
 0001:00037600       ?appendPadding@Sha256@@AEAAXAEAVCharBuf@@@Z 0000000140038600 f   Sha256-a07749.o
 0001:000376c0       ?init@Sha256@@AEAAXXZ      00000001400386c0 f   Sha256-a07749.o
 0001:00037830       ?processAllBlocks@Sha256@@QEAAXAEBVCharBuf@@@Z 0000000140038830 f   Sha256-a07749.o
 0001:00037970       ?processMessageBlock@Sha256@@QEAAXAEBVCharBuf@@H@Z 0000000140038970 f   Sha256-a07749.o
 0001:00037d20       ?showHash@Sha256@@QEAAXXZ  0000000140038d20 f   Sha256-a07749.o
 0001:00037ea0       ?getHash@Sha256@@QEAAXAEAVCharBuf@@@Z 0000000140038ea0 f   Sha256-a07749.o
 0001:00037fd0       ?hMac@Sha256@@QEAAXAEAVCharBuf@@AEBV2@1@Z 0000000140038fd0 f   Sha256-a07749.o
 0001:00038530       ?getFirstFactor@SPrimes@@QEBAH_J@Z 0000000140039530 f   SPrimes-ef540f.o
 0001:000386f0       ?makeArray@SPrimes@@AEAAXXZ 00000001400396f0 f   SPrimes-ef540f.o
 0001:00038a70       catchFpeSignal             0000000140039a70 f   Signals-d659c2.o
 0001:00038ab0       catchControlCSignal        0000000140039ab0 f   Signals-d659c2.o
 0001:00038b00       catchIllegalOpSignal       0000000140039b00 f   Signals-d659c2.o
 0001:00038b40       catchBadMemSignal          0000000140039b40 f   Signals-d659c2.o
 0001:00038b80       ?setupFpeSignal@Signals@@SAXXZ 0000000140039b80 f   Signals-d659c2.o
 0001:00038bc0       ?getControlCSignal@Signals@@SA_NXZ 0000000140039bc0 f   Signals-d659c2.o
 0001:00038bd0       ?setupControlCSignal@Signals@@SAXXZ 0000000140039bd0 f   Signals-d659c2.o
 0001:00038c20       ?setupIllegalOpSignal@Signals@@SAXXZ 0000000140039c20 f   Signals-d659c2.o
 0001:00038c60       ?setupBadMemSignal@Signals@@SAXXZ 0000000140039c60 f   Signals-d659c2.o
 0001:00038ca0       ??0TimeApi@@QEAA@XZ        0000000140039ca0 f   TimeApiWin-c4ae35.o
 0001:00038d40       ?setNow@TimeApi@@QEAAXXZ   0000000140039d40 f   TimeApiWin-c4ae35.o
 0001:00038dd0       ?getSecondsNow@TimeApi@@SA_JXZ 0000000140039dd0 f   TimeApiWin-c4ae35.o
 0001:00038df0       ?diffSec@TimeApi@@QEAA_JAEAV1@@Z 0000000140039df0 f   TimeApiWin-c4ae35.o
 0001:00038e00       ?timeCBuf@TimeApi@@QEAAXAEAVCharBuf@@@Z 0000000140039e00 f   TimeApiWin-c4ae35.o
 0001:00039180       inet_ntop                  000000014003a180 f   Ws2_32:WS2_32.dll
 0001:000391a0       __chkstk                   000000014003a1a0 f   libcmt:chkstk.obj
 0001:000391a0       _alloca_probe              000000014003a1a0 f   libcmt:chkstk.obj
 0001:000391f0       ??3@YAXPEAX_K@Z            000000014003a1f0 f   libcmt:delete_scalar_size.obj
 0001:000391f0       ??_V@YAXPEAX@Z             000000014003a1f0 f   libcmt:delete_array.obj
 0001:000391f8       ??_U@YAPEAX_K@Z            000000014003a1f8 f   libcmt:new_array.obj
 0001:00039200       ??_Etype_info@@UEAAPEAXI@Z 000000014003a200 f i libcmt:std_type_info_static.obj
 0001:00039200       ??_Gtype_info@@UEAAPEAXI@Z 000000014003a200 f i libcmt:std_type_info_static.obj
 0001:0003922c       ??2@YAPEAX_K@Z             000000014003a22c f   libcmt:new_scalar.obj
 0001:00039268       ??3@YAXPEAX@Z              000000014003a268 f   libcmt:delete_scalar.obj
 0001:00039270       _Init_thread_footer        000000014003a270 f   libcmt:thread_safe_statics.obj
 0001:000392dc       _Init_thread_header        000000014003a2dc f   libcmt:thread_safe_statics.obj
 0001:00039354       __scrt_acquire_startup_lock 000000014003a354 f   libcmt:utility.obj
 0001:00039390       __scrt_initialize_crt      000000014003a390 f   libcmt:utility.obj
 0001:000393cc       __scrt_initialize_onexit_tables 000000014003a3cc f   libcmt:utility.obj
 0001:00039458       __scrt_is_nonwritable_in_current_image 000000014003a458 f   libcmt:utility.obj
 0001:000394f0       __scrt_release_startup_lock 000000014003a4f0 f   libcmt:utility.obj
 0001:00039514       __scrt_uninitialize_crt    000000014003a514 f   libcmt:utility.obj
 0001:00039540       _onexit                    000000014003a540 f   libcmt:utility.obj
 0001:0003957c       atexit                     000000014003a57c f   libcmt:utility.obj
 0001:000397f4       mainCRTStartup             000000014003a7f4 f   libcmt:exe_main.obj
 0001:00039808       ??0bad_alloc@std@@QEAA@XZ  000000014003a808 f i libcmt:throw_bad_alloc.obj
 0001:00039828       ??0bad_array_new_length@std@@QEAA@XZ 000000014003a828 f i libcmt:throw_bad_alloc.obj
 0001:00039848       ??1bad_alloc@std@@UEAA@XZ  000000014003a848 f i libcmt:throw_bad_alloc.obj
 0001:00039848       ??1bad_exception@std@@UEAA@XZ 000000014003a848 f i libvcruntime:frame.obj
 0001:00039848       ??1length_error@std@@UEAA@XZ 000000014003a848 f i libcpmt:xthrow.obj
 0001:00039848       ??1out_of_range@std@@UEAA@XZ 000000014003a848 f i libcpmt:xthrow.obj
 0001:00039848       ??1runtime_error@std@@UEAA@XZ 000000014003a848 f i libcpmt:xthrow.obj
 0001:0003985c       ?__scrt_throw_std_bad_alloc@@YAXXZ 000000014003a85c f   libcmt:throw_bad_alloc.obj
 0001:0003987c       ?__scrt_throw_std_bad_array_new_length@@YAXXZ 000000014003a87c f   libcmt:throw_bad_alloc.obj
 0001:0003989c       __isa_available_init       000000014003a89c f   libcmt:cpu_disp.obj
 0001:00039a48       __scrt_is_ucrt_dll_in_use  000000014003aa48 f   libcmt:ucrt_detection.obj
 0001:00039a54       __crt_debugger_hook        000000014003aa54 f   libcmt:utility_desktop.obj
 0001:00039a5c       __scrt_fastfail            000000014003aa5c f   libcmt:utility_desktop.obj
 0001:00039ba4       __scrt_initialize_mta      000000014003aba4 f   libcmt:utility_desktop.obj
 0001:00039bac       __scrt_exe_initialize_mta  000000014003abac f   libcmt:utility_desktop.obj
 0001:00039bac       __scrt_initialize_winrt    000000014003abac f   libcmt:utility_desktop.obj
 0001:00039bac       __scrt_stub_for_initialize_mta 000000014003abac f   libcmt:utility_desktop.obj
 0001:00039bac       _get_startup_commit_mode   000000014003abac f   libcmt:commit_mode.obj
 0001:00039bac       _get_startup_new_mode      000000014003abac f   libcmt:new_mode.obj
 0001:00039bac       _get_startup_thread_locale_mode 000000014003abac f   libcmt:thread_locale.obj
 0001:00039bac       _matherr                   000000014003abac f   libcmt:matherr.obj
 0001:00039bb0       __scrt_is_managed_app      000000014003abb0 f   libcmt:utility_desktop.obj
 0001:00039c04       __scrt_set_unhandled_exception_filter 000000014003ac04 f   libcmt:utility_desktop.obj
 0001:00039c14       __scrt_unhandled_exception_filter 000000014003ac14 f   libcmt:utility_desktop.obj
 0001:00039c70       _guard_check_icall_nop     000000014003ac70 f i libcmt:guard_support.obj
 0001:00039c70       _initialize_denormal_control 000000014003ac70 f i libcmt:denormal_control.obj
 0001:00039c70       _initialize_invalid_parameter_handler 000000014003ac70 f i libcmt:invalid_parameter_handler.obj
 0001:00039c74       __security_init_cookie     000000014003ac74 f   libcmt:gs_support.obj
 0001:00039d20       _get_startup_file_mode     000000014003ad20 f   libcmt:file_mode.obj
 0001:00039d28       ?__scrt_initialize_type_info@@YAXXZ 000000014003ad28 f   libcmt:tncleanup.obj
 0001:00039d38       __local_stdio_scanf_options 000000014003ad38 f i libcmt:default_local_stdio_options.obj
 0001:00039d40       __scrt_initialize_default_local_stdio_options 000000014003ad40 f   libcmt:default_local_stdio_options.obj
 0001:00039d5c       __scrt_is_user_matherr_present 000000014003ad5c f   libcmt:matherr_detection.obj
 0001:00039d68       __scrt_get_dyn_tls_init_callback 000000014003ad68 f   libcmt:dyn_tls_init.obj
 0001:00039d70       __scrt_get_dyn_tls_dtor_callback 000000014003ad70 f   libcmt:dyn_tls_dtor.obj
 0001:00039d78       _RTC_Initialize            000000014003ad78 f   libcmt:initsect.obj
 0001:00039db4       _RTC_Terminate             000000014003adb4 f   libcmt:initsect.obj
 0001:00039df0       ?_Addstd@ios_base@std@@SAXPEAV12@@Z 000000014003adf0 f   libcpmt:ios.obj
 0001:00039e68       ?_Ios_base_dtor@ios_base@std@@CAXPEAV12@@Z 000000014003ae68 f   libcpmt:ios.obj
 0001:00039ee0       ?_Tidy@ios_base@std@@AEAAXXZ 000000014003aee0 f i libcpmt:ios.obj
 0001:00039f60       ??0_Locimp@locale@std@@AEAA@_N@Z 000000014003af60 f i libcpmt:locale0.obj
 0001:00039fe8       ??4?$_Yarn@D@std@@QEAAAEAV01@PEBD@Z 000000014003afe8 f i libcpmt:locale0.obj
 0001:0003a060       ??_E_Locimp@locale@std@@MEAAPEAXI@Z 000000014003b060 f i libcpmt:locale0.obj
 0001:0003a060       ??_G_Locimp@locale@std@@MEAAPEAXI@Z 000000014003b060 f i libcpmt:locale0.obj
 0001:0003a0bc       ?_Facet_Register@std@@YAXPEAV_Facet_base@1@@Z 000000014003b0bc f   libcpmt:locale0.obj
 0001:0003a0f4       ?_Getgloballocale@locale@std@@CAPEAV_Locimp@12@XZ 000000014003b0f4 f   libcpmt:locale0.obj
 0001:0003a0fc       ?_Init@locale@std@@CAPEAV_Locimp@12@_N@Z 000000014003b0fc f   libcpmt:locale0.obj
 0001:0003a1f0       ?_Locimp_dtor@_Locimp@locale@std@@CAXPEAV123@@Z 000000014003b1f0 f   libcpmt:locale0.obj
 0001:0003a26c       ?_Locinfo_ctor@_Locinfo@std@@SAXPEAV12@PEBD@Z 000000014003b26c f   libcpmt:locale0.obj
 0001:0003a2d8       ?_Locinfo_dtor@_Locinfo@std@@SAXPEAV12@@Z 000000014003b2d8 f   libcpmt:locale0.obj
 0001:0003a2f4       ?_New_Locimp@_Locimp@locale@std@@CAPEAV123@_N@Z 000000014003b2f4 f   libcpmt:locale0.obj
 0001:0003a324       ?_Setgloballocale@locale@std@@CAXPEAX@Z 000000014003b324 f   libcpmt:locale0.obj
 0001:0003a358       _Deletegloballocale        000000014003b358 f   libcpmt:locale0.obj
 0001:0003a3c8       ?uncaught_exception@std@@YA_NXZ 000000014003b3c8 f   libcpmt:uncaught_exception.obj
 0001:0003a3d0       ??0length_error@std@@QEAA@AEBV01@@Z 000000014003b3d0 f i libcpmt:xthrow.obj
 0001:0003a40c       ??0length_error@std@@QEAA@PEBD@Z 000000014003b40c f i libcpmt:xthrow.obj
 0001:0003a454       ??0logic_error@std@@QEAA@AEBV01@@Z 000000014003b454 f i libcpmt:xthrow.obj
 0001:0003a490       ??0out_of_range@std@@QEAA@AEBV01@@Z 000000014003b490 f i libcpmt:xthrow.obj
 0001:0003a4cc       ??0out_of_range@std@@QEAA@PEBD@Z 000000014003b4cc f i libcpmt:xthrow.obj
 0001:0003a514       ??0runtime_error@std@@QEAA@PEBD@Z 000000014003b514 f i libcpmt:xthrow.obj
 0001:0003a55c       ??_Ebad_exception@std@@UEAAPEAXI@Z 000000014003b55c f i libvcruntime:frame.obj
 0001:0003a55c       ??_Elength_error@std@@UEAAPEAXI@Z 000000014003b55c f i libcpmt:xthrow.obj
 0001:0003a55c       ??_Elogic_error@std@@UEAAPEAXI@Z 000000014003b55c f i libcpmt:xthrow.obj
 0001:0003a55c       ??_Eout_of_range@std@@UEAAPEAXI@Z 000000014003b55c f i libcpmt:xthrow.obj
 0001:0003a55c       ??_Gbad_exception@std@@UEAAPEAXI@Z 000000014003b55c f i libvcruntime:frame.obj
 0001:0003a55c       ??_Glength_error@std@@UEAAPEAXI@Z 000000014003b55c f i libcpmt:xthrow.obj
 0001:0003a55c       ??_Glogic_error@std@@UEAAPEAXI@Z 000000014003b55c f i libcpmt:xthrow.obj
 0001:0003a55c       ??_Gout_of_range@std@@UEAAPEAXI@Z 000000014003b55c f i libcpmt:xthrow.obj
 0001:0003a5a0       ?_Xlength_error@std@@YAXPEBD@Z 000000014003b5a0 f   libcpmt:xthrow.obj
 0001:0003a5c4       ?_Xout_of_range@std@@YAXPEBD@Z 000000014003b5c4 f   libcpmt:xthrow.obj
 0001:0003a5e8       ?_Xruntime_error@std@@YAXPEBD@Z 000000014003b5e8 f   libcpmt:xthrow.obj
 0001:0003a60c       ??0_Init_locks@std@@QEAA@XZ 000000014003b60c f   libcpmt:xlock.obj
 0001:0003a650       ??0_Lockit@std@@QEAA@H@Z   000000014003b650 f   libcpmt:xlock.obj
 0001:0003a68c       ??1_Init_locks@std@@QEAA@XZ 000000014003b68c f   libcpmt:xlock.obj
 0001:0003a6c8       ??1_Lockit@std@@QEAA@XZ    000000014003b6c8 f   libcpmt:xlock.obj
 0001:0003a6fc       ?_Fiopen@std@@YAPEAU_iobuf@@PEBDHH@Z 000000014003b6fc f   libcpmt:fiopen.obj
 0001:0003a7b4       ?_Syserror_map@std@@YAPEBDH@Z 000000014003b7b4 f   libcpmt:syserror.obj
 0001:0003a7dc       _Getctype                  000000014003b7dc f   libcpmt:_tolower.obj
 0001:0003a89c       _Tolower                   000000014003b89c f   libcpmt:_tolower.obj
 0001:0003a9d0       _Toupper                   000000014003b9d0 f   libcpmt:_toupper.obj
 0001:0003ab14       _Query_perf_counter        000000014003bb14 f   libcpmt:xtime.obj
 0001:0003ab30       _Query_perf_frequency      000000014003bb30 f   libcpmt:xtime.obj
 0001:0003ab5c       _Thrd_sleep_for            000000014003bb5c f   libcpmt:sharedmutex.obj
 0001:0003ab64       ?_Random_device@std@@YAIXZ 000000014003bb64 f   libcpmt:xrngdev.obj
 0001:0003ab8c       ?_Atexit@@YAXP6AXXZ@Z      000000014003bb8c f   libcpmt:iosptrs.obj
 0001:0003abc8       _Mtxdst                    000000014003bbc8 f   libcpmt:xmtx.obj
 0001:0003abd0       _Mtxinit                   000000014003bbd0 f   libcpmt:xmtx.obj
 0001:0003abe0       _Mtxlock                   000000014003bbe0 f   libcpmt:xmtx.obj
 0001:0003abe8       _Mtxunlock                 000000014003bbe8 f   libcpmt:xmtx.obj
 0001:0003abf0       __crtLCMapStringA          000000014003bbf0 f   libcpmt:StlLCMapStringA.obj
 0001:0003af50       ??$_CallSETranslator@V__FrameHandler3@@@@YAHPEAUEHExceptionRecord@@PEA_KPEAU_CONTEXT@@PEAU_xDISPATCHER_CONTEXT@@PEBU_s_FuncInfo@@K1H@Z 000000014003bf50 f i libvcruntime:risctrnsctrl.obj
 0001:0003afa4       ??$_CallSETranslator@V__FrameHandler4@@@@YAHPEAUEHExceptionRecord@@PEA_KPEAU_CONTEXT@@PEAU_xDISPATCHER_CONTEXT@@PEAUFuncInfo4@FH4@@K1H@Z 000000014003bfa4 f i libvcruntime:risctrnsctrl.obj
[...]
 0002:000413f4       $unwind$_setmbcp_nolock    00000001400a23f4     libucrt:mbctype.obj
 0002:00041414       $unwind$__dcrt_lowio_ensure_console_output_initialized 00000001400a2414     libucrt:initcon.obj
 0002:00041414       $unwind$?__mbrtowc_utf8@__crt_mbstring@@YA_KPEA_WPEBD_KPEAU_Mbstatet@@AEAV__crt_cached_ptd_host@@@Z 00000001400a2414     libucrt:mbrtowc.obj
 0002:00041414       $unwind$?getSystemCP@@YAHH@Z 00000001400a2414     libucrt:mbctype.obj
 0002:0004141c       $unwind$?update_thread_multibyte_data_internal@@YAPEAU__crt_multibyte_data@@QEAU__acrt_ptd@@QEAPEAU1@@Z 00000001400a241c     libucrt:mbctype.obj
 0002:00041444       $unwind$?setmbcp_internal@@YAHH_NQEAU__acrt_ptd@@QEAPEAU__crt_multibyte_data@@@Z 00000001400a2444     libucrt:mbctype.obj
 0002:0004145c       $unwind$?setSBUpLow@@YAXPEAU__crt_multibyte_data@@@Z 00000001400a245c     libucrt:mbctype.obj
 0002:00041478       $unwind$??$?RV<lambda_efdfa57d1f175319df784efa44bb7b81>@@AEAV<lambda_5f0a4c1567f8adc6734073e5d1e1b35c>@@V<lambda_2e8a7d3640ea6ccb4c2413664c2db6fd>@@@?$__crt_seh_guarded_call@X@@QEAAX$$QEAV<lambda_efdfa57d1f175319df784efa44bb7b81>@@AEAV<lambda_5f0a4c1567f8adc6734073e5d1e1b35c>@@$$QEAV<lambda_2e8a7d3640ea6ccb4c2413664c2db6fd>@@@Z 00000001400a2478     libucrt:mbctype.obj
 0002:0004149c       $unwind$__acrt_WideCharToMultiByte 00000001400a249c     libucrt:widechartomultibyte.obj
 0002:000414a8       $unwind$??$common_set_variable_in_environment_nolock@D@@YAHQEADH@Z 00000001400a24a8     libucrt:setenv.obj
 0002:000414c0       $unwind$??$copy_environment@D@@YAPEAPEADQEAPEAD@Z 00000001400a24c0     libucrt:setenv.obj
 0002:000414d4       $unwind$_alloc_osfhnd      00000001400a24d4     libucrt:osfinfo.obj
 0002:00041504       $unwind$__acrt_lowio_destroy_handle_array 00000001400a2504     libucrt:osfinfo.obj
 0002:00041514       $unwind$__acrt_lowio_ensure_fh_exists 00000001400a2514     libucrt:osfinfo.obj
 0002:00041540       $unwind$__acrt_locale_initialize_monetary 00000001400a2540     libucrt:initmon.obj
 0002:00041540       $unwind$?initialize_lc_time@@YA_NQEAU__crt_lc_time_data@@QEAU__crt_locale_data@@@Z 00000001400a2540     libucrt:inittime.obj
 0002:0004155c       $unwind$__acrt_locale_free_monetary 00000001400a255c     libucrt:initmon.obj
 0002:00041564       $unwind$__acrt_locale_free_time 00000001400a2564     libucrt:inittime.obj
 0002:00041574       $unwind$__acrt_GetStringTypeA 00000001400a2574     libucrt:getstringtypea.obj
 0002:0004159c       $unwind$__acrt_update_thread_locale_data 00000001400a259c     libucrt:locale_refcounting.obj
 0002:000415c0       $unwind$__acrt_get_qualified_locale 00000001400a25c0     libucrt:get_qualified_locale.obj
 0002:000415dc       $unwind$LangCountryEnumProcEx 00000001400a25dc     libucrt:get_qualified_locale.obj
 0002:000415fc       $unwind$LanguageEnumProcEx 00000001400a25fc     libucrt:get_qualified_locale.obj
 0002:00041618       $unwind$GetLocaleNameFromDefault 00000001400a2618     libucrt:get_qualified_locale.obj
 0002:00041630       $unwind$TestDefaultCountry 00000001400a2630     libucrt:get_qualified_locale.obj
 0002:00041644       $unwind$__acrt_get_qualified_locale_downlevel 00000001400a2644     libucrt:getqloc_downlevel.obj
 0002:00041660       $unwind$LangCountryEnumProc 00000001400a2660     libucrt:getqloc_downlevel.obj
 0002:00041680       $unwind$LanguageEnumProc   00000001400a2680     libucrt:getqloc_downlevel.obj
 0002:0004169c       $unwind$CountryEnumProc    00000001400a269c     libucrt:getqloc_downlevel.obj
 0002:000416bc       $unwind$?_mbstowcs_l_helper@@YA_KPEA_WPEBD_KAEAV__crt_cached_ptd_host@@@Z 00000001400a26bc     libucrt:mbstowcs.obj
 0002:000416d8       $ip2state$?_mbstowcs_l_helper@@YA_KPEA_WPEBD_KAEAV__crt_cached_ptd_host@@@Z 00000001400a26d8     libucrt:mbstowcs.obj
 0002:000416e0       $unwind$?_mbstowcs_internal@@YAHPEA_KPEA_W_KPEBD2AEAV__crt_cached_ptd_host@@@Z 00000001400a26e0     libucrt:mbstowcs.obj
 0002:000416e0       $unwind$?_wcstombs_internal@@YAHPEA_KPEAD_KPEB_W2AEAV__crt_cached_ptd_host@@@Z 00000001400a26e0     libucrt:wcstombs.obj
 0002:000416f8       $unwind$?_wcstombs_l_helper@@YA_KPEADPEB_W_KAEAV__crt_cached_ptd_host@@@Z 00000001400a26f8     libucrt:wcstombs.obj
 0002:00041718       $unwind$_openfile          00000001400a2718     libucrt:openfile.obj
 0002:0004172c       $unwind$_isctype_l         00000001400a272c     libucrt:isctype.obj
 0002:00041748       $unwind$__acrt_GetLocaleInfoA 00000001400a2748     libucrt:getlocaleinfoa.obj
 0002:00041768       $unwind$?InternalGetLocaleInfoA@@YAHQEAU__crt_locale_pointers@@QEB_WKQEADH@Z 00000001400a2768     libucrt:getlocaleinfoa.obj
 0002:00041790       $unwind$__acrt_LCMapStringA 00000001400a2790     libucrt:lcmapstringa.obj
 0002:000417a0       $unwind$?__acrt_LCMapStringA_stat@@YAHPEAU__crt_locale_pointers@@PEB_WKPEBDHPEADHHH@Z 00000001400a27a0     libucrt:lcmapstringa.obj
 0002:000417c8       $unwind$_raise_exc_ex      00000001400a27c8     libucrt:fpexcept.obj
 0002:000417dc       $unwind$_ctrlfp            00000001400a27dc     libucrt:fpctrl.obj
 0002:00041804       $unwind$_wcsicmp_l         00000001400a2804     libucrt:wcsicmp.obj
 0002:0004181c       $unwind$?__mbsrtowcs_utf8@__crt_mbstring@@YA_KPEA_WPEAPEBD_KPEAU_Mbstatet@@AEAV__crt_cached_ptd_host@@@Z 00000001400a281c     libucrt:mbrtowc.obj
 0002:00041834       $unwind$_putwch_nolock     00000001400a2834     libucrt:putwch.obj
 0002:0004183c       $unwind$__acrt_fltout      00000001400a283c     libucrt:cfout.obj
 0002:0004185c       $unwind$__acrt_fenv_get_control 00000001400a285c     libucrt:_fenvutils.obj
 0002:00041864       $unwind$__acrt_fenv_set_control 00000001400a2864     libucrt:_fenvutils.obj
 0002:00041874       $unwind$??$common_getenv_s@_W@@YAHQEA_KQEA_W_KQEB_W@Z 00000001400a2874     libucrt:getenv.obj
 0002:000418b4       $unwind$qsort              00000001400a28b4     libucrt:qsort.obj
 0002:000418cc       $chain$4$qsort             00000001400a28cc     libucrt:qsort.obj
 0002:000418f0       $chain$5$qsort             00000001400a28f0     libucrt:qsort.obj
 0002:00041900       $unwind$strpbrk            00000001400a2900     libucrt:strpbrk.obj
 0002:00041910       $unwind$fallbackMethod     00000001400a2910     libucrt:strpbrk.obj
 0002:00041920       $unwind$_mbsdec_l          00000001400a2920     libucrt:mbsdec.obj
 0002:0004192c       $unwind$_strnicoll_l       00000001400a292c     libucrt:strnicol.obj
 0002:00041940       $unwind$__acrt_SetEnvironmentVariableA 00000001400a2940     libucrt:setenvironmentvariablea.obj
 0002:0004195c       $unwind$_wcsnicmp_l        00000001400a295c     libucrt:wcsnicmp.obj
 0002:00041978       $unwind$?__wcsrtombs_utf8@__crt_mbstring@@YA_KPEADPEAPEB_W_KPEAU_Mbstatet@@AEAV__crt_cached_ptd_host@@@Z 00000001400a2978     libucrt:wcrtomb.obj
 0002:00041998       $unwind$_sopen_nolock      00000001400a2998     libucrt:open.obj
 0002:000419b4       $unwind$_wsopen_nolock     00000001400a29b4     libucrt:open.obj
 0002:000419d4       $unwind$??$common_sopen_dispatch@D@@YAHQEBDHHHQEAHH@Z 00000001400a29d4     libucrt:open.obj
 0002:000419f8       $unwind$?truncate_ctrl_z_if_present@@YAHH@Z 00000001400a29f8     libucrt:open.obj
 0002:00041a08       $unwind$?configure_text_mode@@YAHHUfile_options@?A0xa9d50aae@@HAEAW4__crt_lowio_text_mode@@@Z 00000001400a2a08     libucrt:open.obj
 0002:00041a20       $xdatasym                  00000001400a2a20     libucrt:fpsr.obj
 0002:00041a28       $unwind$_towlower_l        00000001400a2a28     libucrt:towlower.obj
 0002:00041a30       $unwind$?__mbrtoc32_utf8@__crt_mbstring@@YA_KPEA_UPEBD_KPEAU_Mbstatet@@AEAV__crt_cached_ptd_host@@@Z 00000001400a2a30     libucrt:mbrtoc32.obj
 0002:00041a50       $xdatasym                  00000001400a2a50     libucrt:log10.obj
 0002:00041a5c       $unwind$?InternalCompareStringA@@YAHPEAU__crt_locale_pointers@@PEB_WKPEBDH2HH@Z 00000001400a2a5c     libucrt:comparestringa.obj
 0002:00041a80       $unwind$common_control87   00000001400a2a80     libucrt:ieee.obj
 0002:00041aac       $unwind$_call_matherr      00000001400a2aac     libucrt:libm_error.obj
 0002:00041ab4       $unwind$_handle_error      00000001400a2ab4     libucrt:libm_error.obj
 0002:00041ad4       $unwind$__acrt_initialize_fma3 00000001400a2ad4     libucrt:fma3_available.obj
 0002:00041adc       $unwind$_log_special_common 00000001400a2adc     libucrt:log_special.obj
 0002:00041ae8       $unwind$__GSHandlerCheckCommon 00000001400a2ae8     libcmt:gshandler.obj
 0002:00041af0       $xdatasym                  00000001400a2af0     libcmt:amdsecgs.obj
 0002:00041af4       $unwind$_IsNonwritableInCurrentImage 00000001400a2af4     libcmt:pesect.obj
 0002:00041b18       $unwind$__report_securityfailure 00000001400a2b18     libcmt:gs_report.obj
 0002:00041b20       $unwind$__report_gsfailure 00000001400a2b20     libcmt:gs_report.obj
 0002:00041b28       $unwind$capture_current_context 00000001400a2b28     libcmt:gs_report.obj
 0002:00041b34       $unwind$capture_previous_context 00000001400a2b34     libcmt:gs_report.obj
 0002:00041b40       $unwind$_local_unwind      00000001400a2b40     libvcruntime:jmpuwind.obj
 0002:000420ea       .idata$6                   00000001400a30ea     Ws2_32:WS2_32.dll
 0002:000423c0       .idata$6                   00000001400a33c0     kernel32:KERNEL32.dll
 0003:000005f0       BigReceiveBuf              00000001400a45f0     SocketsApiWin-91ffcb.o
 0003:001006cc       ?init@std@@3JA             00000001401a46cc     libcpmt:xlock.obj
 0003:001006d0       ?valid@?1???$_Xfiopen@D@?A0x6dc13635@@YAPEAU_iobuf@@PEBDHH@Z@4QBHB 00000001401a46d0     libcpmt:fiopen.obj
 0003:00100720       ?atcount_cdecl@@3_KA       00000001401a4720     libcpmt:iosptrs.obj
 0003:00100730       ?__vcrt_flsindex@@3KA      00000001401a4730     libvcruntime:per_thread_data.obj
 0003:00100850       _ctype_loc_style           00000001401a4850     libucrt:wsetlocale.obj
 0003:00100868       ?errno_no_memory@@3HA      00000001401a4868     libucrt:errno.obj
 0003:0010086c       ?doserrno_no_memory@@3KA   00000001401a486c     libucrt:errno.obj
 0003:00100920       ?__acrt_flsindex@@3KA      00000001401a4920     libucrt:per_thread_data.obj
 0003:00100bf0       ?tzstd_program@@3PADA      00000001401a4bf0     libucrt:timeset.obj
 0003:00100c30       ?tzdst_program@@3PADA      00000001401a4c30     libucrt:timeset.obj
 0003:00100c70       ?w_tzstd_program@@3PA_WA   00000001401a4c70     libucrt:timeset.obj
 0003:00100cf0       ?w_tzdst_program@@3PA_WA   00000001401a4cf0     libucrt:timeset.obj
 0003:00100d70       ?tzname_states@@3PAY01PEADA 00000001401a4d70     libucrt:timeset.obj
 0003:00100d80       ?w_tzname_states@@3PAY01PEA_WA 00000001401a4d80     libucrt:timeset.obj
 0003:00100d90       ?dststart@@3Utransitiondate@?A0x7639d0b4@@A 00000001401a4d90     libucrt:tzset.obj
 0003:00100da0       ?dstend@@3Utransitiondate@?A0x7639d0b4@@A 00000001401a4da0     libucrt:tzset.obj
 0003:00100fe0       _mbctypes                  00000001401a4fe0     libucrt:mbctype.obj
 0003:001010f0       _mbcasemaps                00000001401a50f0     libucrt:mbctype.obj
 0003:001011f0       ?__rgctypeflag@@3PADA      00000001401a51f0     libucrt:mbctype.obj
 0003:00101200       ?__rgcode_page_info@@3PAUcode_page_info@@A 00000001401a5200     libucrt:mbctype.obj
 0003:001012f4       ?dazSupported@?1??_ctrlfp@@9@9 00000001401a52f4     libucrt:fpctrl.obj
 0003:00101300       ?__dcrt_lowio_console_output_handle@@3PEAXEA 00000001401a5300     libucrt:initcon.obj
 0003:00101310       ?dazSupported@?1??common_control87@@9@9 00000001401a5310     libucrt:ieee.obj
 0003:00101440       gotSigCtrlC                00000001401a5440     Signals-d659c2.o
 0003:00101448       ?g_tss_cv@@3U_RTL_CONDITION_VARIABLE@@A 00000001401a5448     libcmt:thread_safe_statics.obj
 0003:00101450       ?g_tss_srw@@3U_RTL_SRWLOCK@@A 00000001401a5450     libcmt:thread_safe_statics.obj
 0003:00101468       ?is_initialized_as_dll@@3_NA 00000001401a5468     libcmt:utility.obj
 0003:00101469       ?module_local_atexit_table_initialized@@3_NA 00000001401a5469     libcmt:utility.obj
 0003:00101470       ?module_local_atexit_table@@3U_onexit_table_t@@A 00000001401a5470     libcmt:utility.obj
 0003:00101488       ?module_local_at_quick_exit_table@@3U_onexit_table_t@@A 00000001401a5488     libcmt:utility.obj
 0003:001014e0       ?stdstr@std@@3PAPEAVios_base@1@A 00000001401a54e0     libcpmt:ios.obj
 0003:00101530       ?stdopens@std@@3PADA       00000001401a5530     libcpmt:ios.obj
 0003:00101570       ?classic_locale@std@@3Vlocale@1@A 00000001401a5570     libcpmt:locale0.obj
 0003:00101588       ?_Fac_head@std@@3PEAU_Fac_node@1@EA 00000001401a5588     libcpmt:locale0.obj
 0003:00101590       ?_Fac_tidy_reg@std@@3U_Fac_tidy_reg_t@1@B 00000001401a5590     libcpmt:locale0.obj
 0003:00101598       global_locale              00000001401a5598     libcpmt:locale0.obj
 0003:001015a0       ?registered@?1??_Setgloballocale@locale@std@@CAXPEAX@Z@4_NA 00000001401a55a0     libcpmt:locale0.obj
 0003:001015b0       ?initlocks@std@@3V_Init_locks@1@A 00000001401a55b0     libcpmt:xlock.obj
 0003:001015c0       ?mtx@std@@3PAU_RTL_CRITICAL_SECTION@@A 00000001401a55c0     libcpmt:xlock.obj
 0003:00101700       ?freq_cached@?1??_Query_perf_frequency@@9@4U?$atomic@_J@std@@A 00000001401a5700     libcpmt:xtime.obj
 0003:00101760       ?initlocks@std@@3V_Init_locks@1@A 00000001401a5760     libcpmt:iosptrs.obj
 0003:00101761       ?init_atexit@@3U_Init_atexit@@A 00000001401a5761     libcpmt:iosptrs.obj
 0003:00101770       ?atfuns_cdecl@@3PAP6AXXZA  00000001401a5770     libcpmt:iosptrs.obj
 0003:001017c0       ?__KERNEL32Function_GetCurrentPackageId@?A0x995b63b9@@3P6AJPEAIPEAE@ZEA 00000001401a57c0     libcpmt:winapisupp.obj
 0003:001017c8       ?__KERNEL32Function_GetSystemTimePreciseAsFileTime@?A0x995b63b9@@3P6AXPEAU_FILETIME@@@ZEA 00000001401a57c8     libcpmt:winapisupp.obj
 0003:001017d0       ?__KERNEL32Function_GetTempPath2W@?A0x995b63b9@@3P6AKKPEA_W@ZEA 00000001401a57d0     libcpmt:winapisupp.obj
 0003:001018d0       ?__vcrt_startup_thread_ptd@@3U__vcrt_ptd@@A 00000001401a58d0     libvcruntime:per_thread_data.obj
 0003:00101958       __vcrt_lock_table          00000001401a5958     libvcruntime:locks.obj
 0003:00101980       __vcrt_locks_initialized   00000001401a5980     libvcruntime:locks.obj
 0003:001019c8       ?heap@@3V_HeapManager@@A   00000001401a59c8     libvcruntime:undname.obj
 0003:001019f0       ?module_handles@@3PAPEAUHINSTANCE__@@A 00000001401a59f0     libvcruntime:winapi_downlevel.obj
 0003:00101a08       ?function_pointers@@3PAPEAXA 00000001401a5a08     libvcruntime:winapi_downlevel.obj
 0003:00101a48       ?__acrt_invalid_parameter_handler@@3V?$dual_state_global@P6AXPEB_W00I_K@Z@__crt_state_management@@A 00000001401a5a48     libucrt:invalid_parameter.obj
 0003:00101a50       ?console_ctrl_handler_installed@@3_NA 00000001401a5a50     libucrt:signal.obj
 0003:00101a58       ?ctrlc_action@@3V?$dual_state_global@P6AXH@Z@__crt_state_management@@A 00000001401a5a58     libucrt:signal.obj
 0003:00101a60       ?ctrlbreak_action@@3V?$dual_state_global@P6AXH@Z@__crt_state_management@@A 00000001401a5a60     libucrt:signal.obj
 0003:00101a68       ?abort_action@@3V?$dual_state_global@P6AXH@Z@__crt_state_management@@A 00000001401a5a68     libucrt:signal.obj
 0003:00101a70       ?term_action@@3V?$dual_state_global@P6AXH@Z@__crt_state_management@@A 00000001401a5a70     libucrt:signal.obj
 0003:00101a78       ?__acrt_new_handler@@3V?$dual_state_global@P6AH_K@Z@__crt_state_management@@A 00000001401a5a78     libucrt:new_handler.obj
 0003:00101a80       ?c_termination_complete@@3JA 00000001401a5a80     libucrt:exit.obj
 0003:00101a88       ?thread_local_exit_callback_func@@3P6AXPEAXK0@ZEA 00000001401a5a88     libucrt:exit.obj
 0003:00101a90       ?c_exit_complete@?1???R<lambda_6e4b09c48022b2350581041d5f6b0c4c>@@QEBA@XZ@4_NA 00000001401a5a90     libucrt:exit.obj
 0003:00101aa0       ?program_name@?1???$common_configure_argv@D@@YAHW4_crt_argv_mode@@@Z@4PADA 00000001401a5aa0     libucrt:argv_parsing.obj
 0003:00101bf8       ?__acrt_app_type@@3W4_crt_app_type@@A 00000001401a5bf8     libucrt:report_runtime_error.obj
 0003:00101c00       ?user_matherr@@3V?$dual_state_global@P6AHPEAU_exception@@@Z@__crt_state_management@@A 00000001401a5c00     libucrt:matherr.obj
 0003:00101c3c       ?__acrt_global_new_mode@@3V?$dual_state_global@J@__crt_state_management@@A 00000001401a5c3c     libucrt:new_mode.obj
 0003:00101c50       ?__acrt_lock_table@@3PAU_RTL_CRITICAL_SECTION@@A 00000001401a5c50     libucrt:locks.obj
 0003:00101e80       ?__acrt_locks_initialized@@3IA 00000001401a5e80     libucrt:locks.obj
 0003:00101eb0       ?module_handles@@3PAPEAUHINSTANCE__@@A 00000001401a5eb0     libucrt:winapi_thunks.obj
 0003:00101f60       ?encoded_function_pointers@@3PAPEAXA 00000001401a5f60     libucrt:winapi_thunks.obj
 0003:00102058       ?static_enum_proc@?1??enum_system_locales_ex_nolock@@YAHQ6AHPEA_WK_J@Z@Z@4P6AH0K1@ZEA 00000001401a6058     libucrt:winapi_thunks.obj
 0003:00102468       ?internal_state@?1??_mbtowc_internal@@9@4U_Mbstatet@@A 00000001401a6468     libucrt:mbtowc.obj
 0003:00102470       ?enable_percent_n@@3_KA    00000001401a6470     libucrt:printf_count_output.obj
 0003:00102488       ?_tzname@@3V?$dual_state_global@PEAPEAD@__crt_state_management@@A 00000001401a6488     libucrt:timeset.obj
 0003:00102490       ?w_tzname@@3V?$dual_state_global@PEAPEA_W@__crt_state_management@@A 00000001401a6490     libucrt:timeset.obj
 0003:00102498       ?last_wide_tz@@3PEA_WEA    00000001401a6498     libucrt:tzset.obj
 0003:001024a0       ?tz_api_used@@3HA          00000001401a64a0     libucrt:tzset.obj
 0003:001024a4       ?tzset_init_state@@3V?$dual_state_global@J@__crt_state_management@@A 00000001401a64a4     libucrt:tzset.obj
 0003:001024b0       ?tz_info@@3U_TIME_ZONE_INFORMATION@@A 00000001401a64b0     libucrt:tzset.obj
 0003:00102578       ?fSystemSet@@3HA           00000001401a6578     libucrt:mbctype.obj
 0003:0010257c       ?initialized@?1??__acrt_initialize_multibyte@@9@4_NA 00000001401a657c     libucrt:mbctype.obj
 0003:00102590       ?internal_pst@?1??__mbrtoc32_utf8@__crt_mbstring@@YA_KPEA_UPEBD_KPEAU_Mbstatet@@AEAV__crt_cached_ptd_host@@@Z@4U3@A 00000001401a6590     libucrt:mbrtoc32.obj
 0003:00102598       ?internal_pst@?1??__c16rtomb_utf8@__crt_mbstring@@YA_KPEAD_SPEAU_Mbstatet@@AEAV__crt_cached_ptd_host@@@Z@4U3@A 00000001401a6598     libucrt:c16rtomb.obj
 0003:001025b0       GS_ExceptionRecord         00000001401a65b0     libcmt:gs_report.obj
 0003:00102650       GS_ContextRecord           00000001401a6650     libcmt:gs_report.obj
 0005:00000000       MoveSmall                  00000001401ad000     libvcruntime:memcpy_avx_ermsb_aligned.obj
 0005:00000040       MoveSmallYmm               00000001401ad040     libvcruntime:memcpy_avx_ermsb_aligned.obj
 0005:00000064       MoveSmallYmmNT             00000001401ad064     libvcruntime:memcpy_avx_ermsb_aligned.obj
 0005:00000090       MoveSmall                  00000001401ad090     libvcruntime:memcpy_avx_ermsb_aligned_amd.obj
 0005:000000d0       MoveSmallYmm               00000001401ad0d0     libvcruntime:memcpy_avx_ermsb_aligned_amd.obj
 0005:000000f4       MoveSmallYmmNT             00000001401ad0f4     libvcruntime:memcpy_avx_ermsb_aligned_amd.obj
 0005:00000120       MoveSmall                  00000001401ad120     libvcruntime:memcpy_sse2_ermsb_aligned.obj
 0005:00000160       MoveSmallXmm               00000001401ad160     libvcruntime:memcpy_sse2_ermsb_aligned.obj
 0005:00000190       MoveSmall                  00000001401ad190     libvcruntime:memcpy_sse2_ermsb_aligned_amd.obj
 0005:000001d0       MoveSmallXmm               00000001401ad1d0     libvcruntime:memcpy_sse2_ermsb_aligned_amd.obj
